 rpi_camera_sfun

 Timestamp is 69a977cf (Thu Mar  5 13:32:15 2026)

 Preferred load address is 0000000180000000

 Start         Length     Name                   Class
 0001:00000000 0001c020H .text$mn                CODE
 0001:0001c020 00000040H .text$mn$00             CODE
 0001:0001c060 0000037aH .text$x                 CODE
 0002:00000000 000005c0H .idata$5                DATA
 0002:000005c0 00000028H .00cfg                  DATA
 0002:000005e8 00000008H .CRT$XCA                DATA
 0002:000005f0 00000008H .CRT$XCZ                DATA
 0002:000005f8 00000008H .CRT$XIA                DATA
 0002:00000600 00000008H .CRT$XIZ                DATA
 0002:00000608 00000008H .CRT$XPA                DATA
 0002:00000610 00000008H .CRT$XPZ                DATA
 0002:00000618 00000008H .CRT$XTA                DATA
 0002:00000620 00000010H .CRT$XTZ                DATA
 0002:00000628 00000000H .gehcont$y              DATA
 0002:00000628 00000000H .gfids$y                DATA
 0002:00000630 000042d0H .rdata                  DATA
 0002:00004900 00000008H .rdata$CastGuardVftablesA DATA
 0002:00004908 00000008H .rdata$CastGuardVftablesC DATA
 0002:00004910 0000036cH .rdata$r                DATA
 0002:00004c7c 00000160H .rdata$voltmd           DATA
 0002:00004ddc 000002c4H .rdata$zzzdbg           DATA
 0002:000050a0 00000008H .rtc$IAA                DATA
 0002:000050a8 00000008H .rtc$IZZ                DATA
 0002:000050b0 00000008H .rtc$TAA                DATA
 0002:000050b8 00000008H .rtc$TZZ                DATA
 0002:000050c0 00001368H .xdata                  DATA
 0002:00006428 00000158H .xdata$x                DATA
 0002:00006580 0000007cH .edata                  DATA
 0002:000065fc 00000168H .idata$2                DATA
 0002:00006764 00000014H .idata$3                DATA
 0002:00006778 000005c0H .idata$4                DATA
 0002:00006d38 000012e4H .idata$6                DATA
 0003:00000000 00000628H .data                   DATA
 0003:00000628 000000a8H .data$r                 DATA
 0003:000006d0 00000080H .data$rs                DATA
 0003:00000750 00000e00H .bss                    DATA
 0004:00000000 0000162cH .pdata                  DATA

  Address         Publics by Value              Rva+Base               Lib:Object

 0000:00000000       __AbsoluteZero             0000000000000000     <absolute>
 0000:00000000       __guard_fids_table         0000000000000000     <absolute>
 0000:00000000       __guard_longjmp_table      0000000000000000     <absolute>
 0000:00000000       __guard_longjmp_count      0000000000000000     <absolute>
 0000:00000000       __hybrid_code_map          0000000000000000     <absolute>
 0000:00000000       __guard_check_icall_a64n_fptr 0000000000000000     <absolute>
 0000:00000000       __x64_code_ranges_to_entry_points 0000000000000000     <absolute>
 0000:00000000       __arm64x_redirection_metadata_count 0000000000000000     <absolute>
 0000:00000000       __arm64x_extra_rfe_table_size 0000000000000000     <absolute>
 0000:00000000       __dynamic_value_reloc_table 0000000000000000     <absolute>
 0000:00000000       __enclave_config           0000000000000000     <absolute>
 0000:00000000       __guard_eh_cont_count      0000000000000000     <absolute>
 0000:00000000       __guard_eh_cont_table      0000000000000000     <absolute>
 0000:00000000       ___safe_se_handler_count   0000000000000000     <absolute>
 0000:00000000       __x64_code_ranges_to_entry_points_count 0000000000000000     <absolute>
 0000:00000000       ___safe_se_handler_table   0000000000000000     <absolute>
 0000:00000000       __arm64x_native_entrypoint 0000000000000000     <absolute>
 0000:00000000       __arm64x_redirection_metadata 0000000000000000     <absolute>
 0000:00000000       __guard_iat_count          0000000000000000     <absolute>
 0000:00000000       __guard_fids_count         0000000000000000     <absolute>
 0000:00000000       __hybrid_auxiliary_iat     0000000000000000     <absolute>
 0000:00000000       __hybrid_auxiliary_iat_copy 0000000000000000     <absolute>
 0000:00000000       __guard_iat_table          0000000000000000     <absolute>
 0000:00000000       __arm64x_extra_rfe_table   0000000000000000     <absolute>
 0000:00000000       __hybrid_code_map_count    0000000000000000     <absolute>
 0000:00000100       __guard_flags              0000000000000100     <absolute>
 0000:00000000       __ImageBase                0000000180000000     <linker-defined>
 0001:00000000       ?rpi_camera_initializer@@YAXXZ 0000000180001000 f   rpi_camera_sfun.obj
 0001:00000010       ?rpi_camera_terminator@@YAXXZ 0000000180001010 f   rpi_camera_sfun.obj
 0001:00000020       ?load_rpi_camera_optimization_info@@YAPEAUmxArray_tag@@EEE@Z 0000000180001020 f   rpi_camera_sfun.obj
 0001:000000d0       ?unload_rpi_camera_optimization_info@@YAXXZ 00000001800010d0 f   rpi_camera_sfun.obj
 0001:00000100       ?sf_rpi_camera_method_dispatcher@@YAIPEAUSimStruct_tag@@IPEBDHPEAX@Z 0000000180001100 f   rpi_camera_sfun.obj
 0001:00000150       ?sf_rpi_camera_process_check_sum_call@@YAIHQEAPEAUmxArray_tag@@HQEAPEBU1@@Z 0000000180001150 f   rpi_camera_sfun.obj
 0001:00000640       ?sf_rpi_camera_get_eml_resolved_functions_info@@YAIHQEAPEAUmxArray_tag@@HQEAPEBU1@@Z 0000000180001640 f   rpi_camera_sfun.obj
 0001:00000820       ?sf_rpi_camera_third_party_uses_info@@YAIHQEAPEAUmxArray_tag@@HQEAPEBU1@@Z 0000000180001820 f   rpi_camera_sfun.obj
 0001:000009f0       ?sf_rpi_camera_jit_fallback_info@@YAIHQEAPEAUmxArray_tag@@HQEAPEBU1@@Z 00000001800019f0 f   rpi_camera_sfun.obj
 0001:00000bc0       ?sf_rpi_camera_get_post_codegen_info@@YAIHQEAPEAUmxArray_tag@@HQEAPEBU1@@Z 0000000180001bc0 f   rpi_camera_sfun.obj
 0001:00000da0       ?sf_rpi_camera_updateBuildInfo_args_info@@YAIHQEAPEAUmxArray_tag@@HQEAPEBU1@@Z 0000000180001da0 f   rpi_camera_sfun.obj
 0001:00000f60       ?sf_c9_rpi_camera_get_eml_resolved_functions_info@@YAPEBUmxArray_tag@@XZ 0000000180001f60 f   c9_rpi_camera.obj
 0001:00001000       ?sf_c9_rpi_camera_get_check_sum@@YAXQEAPEAUmxArray_tag@@@Z 0000000180002000 f   c9_rpi_camera.obj
 0001:000010d0       ?c9_rpi_camera_method_dispatcher@@YAXPEAUSimStruct_tag@@HPEAX@Z 00000001800020d0 f   c9_rpi_camera.obj
 0001:00008dc0       ?sf_c9_rpi_camera_third_party_uses_info@@YAPEAUmxArray_tag@@XZ 0000000180009dc0 f   c9_rpi_camera.obj
 0001:00008e10       ?sf_c9_rpi_camera_jit_fallback_info@@YAPEAUmxArray_tag@@XZ 0000000180009e10 f   c9_rpi_camera.obj
 0001:00008fa0       ?sf_c9_rpi_camera_updateBuildInfo_args_info@@YAPEAUmxArray_tag@@XZ 0000000180009fa0 f   c9_rpi_camera.obj
 0001:000092c0       ?sf_c9_rpi_camera_get_post_codegen_info@@YAPEBDXZ 000000018000a2c0 f   c9_rpi_camera.obj
 0001:000098a0       ??$?0$$V@?$_Compressed_pair@U?$default_delete@VFlatBufferModel@impl@tflite@@@std@@PEAVFlatBufferModel@impl@tflite@@$00@std@@QEAA@U_Zero_then_variadic_args_t@1@@Z 000000018000a8a0 f i c9_rpi_camera.obj
 0001:000098c0       ??$?0$$V@?$_Compressed_pair@U?$default_delete@VInterpreter@impl@tflite@@@std@@PEAVInterpreter@impl@tflite@@$00@std@@QEAA@U_Zero_then_variadic_args_t@1@@Z 000000018000a8c0 f i c9_rpi_camera.obj
 0001:000098e0       ??$?0$$V@?$_Compressed_pair@V?$allocator@D@std@@V?$_String_val@U?$_Simple_types@D@std@@@2@$00@std@@QEAA@U_Zero_then_variadic_args_t@1@@Z 000000018000a8e0 f i c9_rpi_camera.obj
 0001:00009910       ??$?0$$V@?$_Compressed_pair@V?$allocator@I@std@@V?$_Vector_val@U?$_Simple_types@I@std@@@2@$00@std@@QEAA@U_Zero_then_variadic_args_t@1@@Z 000000018000a910 f i c9_rpi_camera.obj
 0001:00009940       ??$?0$$V@?$_Compressed_pair@V?$allocator@M@std@@V?$_Vector_val@U?$_Simple_types@M@std@@@2@$00@std@@QEAA@U_Zero_then_variadic_args_t@1@@Z 000000018000a940 f i c9_rpi_camera.obj
 0001:00009970       ??$?0$$V@?$_Compressed_pair@V?$allocator@W4DataType@tflite@@@std@@V?$_Vector_val@U?$_Simple_types@W4DataType@tflite@@@std@@@2@$00@std@@QEAA@U_Zero_then_variadic_args_t@1@@Z 000000018000a970 f i c9_rpi_camera.obj
 0001:000099a0       ??$?0AEAPEAVMWErrorReporter@tflite@@@?$_Compressed_pair@U?$default_delete@VMWErrorReporter@tflite@@@std@@PEAVMWErrorReporter@tflite@@$00@std@@QEAA@U_Zero_then_variadic_args_t@1@AEAPEAVMWErrorReporter@tflite@@@Z 000000018000a9a0 f i c9_rpi_camera.obj
 0001:000099e0       ??$?0U?$default_delete@VFlatBufferModel@impl@tflite@@@std@@$0A@@?$unique_ptr@VFlatBufferModel@impl@tflite@@U?$default_delete@VFlatBufferModel@impl@tflite@@@std@@@std@@QEAA@XZ 000000018000a9e0 f i c9_rpi_camera.obj
 0001:00009a10       ??$?0U?$default_delete@VInterpreter@impl@tflite@@@std@@$0A@@?$unique_ptr@VInterpreter@impl@tflite@@U?$default_delete@VInterpreter@impl@tflite@@@std@@@std@@QEAA@XZ 000000018000aa10 f i c9_rpi_camera.obj
 0001:00009a40       ??$?0U?$default_delete@VMWErrorReporter@tflite@@@std@@$0A@@?$unique_ptr@VMWErrorReporter@tflite@@U?$default_delete@VMWErrorReporter@tflite@@@std@@@std@@QEAA@PEAVMWErrorReporter@tflite@@@Z 000000018000aa40 f i c9_rpi_camera.obj
 0001:00009a80       ??$?6U?$char_traits@D@std@@@std@@YAAEAV?$basic_ostream@DU?$char_traits@D@std@@@0@AEAV10@PEBD@Z 000000018000aa80 f i c9_rpi_camera.obj
 0001:00009e90       ??$?RAEAPEAVinvokeinterpreter@@AEAE@?$_Mem_fn@P8invokeinterpreter@@EAAX_N@Z@std@@QEBAXAEAPEAVinvokeinterpreter@@AEAE@Z 000000018000ae90 f i c9_rpi_camera.obj
 0001:00009ee0       ??$?RAEAPEAVinvokeinterpreter@@AEAH@?$_Mem_fn@P8invokeinterpreter@@EAAXH@Z@std@@QEBAXAEAPEAVinvokeinterpreter@@AEAH@Z 000000018000aee0 f i c9_rpi_camera.obj
 0001:00009f30       ??$?RAEAPEAVinvokeinterpreter@@AEAM@?$_Mem_fn@P8invokeinterpreter@@EAAXM@Z@std@@QEBAXAEAPEAVinvokeinterpreter@@AEAM@Z 000000018000af30 f i c9_rpi_camera.obj
 0001:00009f80       ??$?RAEAPEAVinvokeinterpreter@@PEADAEAH@?$_Mem_fn@P8invokeinterpreter@@EAAXPEBDH@Z@std@@QEBAXAEAPEAVinvokeinterpreter@@$$QEAPEADAEAH@Z 000000018000af80 f i c9_rpi_camera.obj
 0001:00009ff0       ??$?RAEAPEAVinvokeinterpreter@@PEAM@?$_Mem_fn@P8invokeinterpreter@@EAAXPEAM@Z@std@@QEBAXAEAPEAVinvokeinterpreter@@$$QEAPEAM@Z 000000018000aff0 f i c9_rpi_camera.obj
 0001:0000a040       ??$?RAEAPEAVinvokeinterpreter@@PEAMHPEAM@?$_Mem_fn@P8invokeinterpreter@@EAAXPEBMHPEAM@Z@std@@QEBAXAEAPEAVinvokeinterpreter@@$$QEAPEAM$$QEAH1@Z 000000018000b040 f i c9_rpi_camera.obj
 0001:0000a0d0       ??$?RAEAPEAVinvokeinterpreter@@_N@?$_Mem_fn@P8invokeinterpreter@@EAAX_N@Z@std@@QEBAXAEAPEAVinvokeinterpreter@@$$QEA_N@Z 000000018000b0d0 f i c9_rpi_camera.obj
 0001:0000a120       ??$_Allocate@$0BA@U_Default_allocate_traits@std@@$0A@@std@@YAPEAX_K@Z 000000018000b120 f i c9_rpi_camera.obj
 0001:0000a160       ??$_Allocate_manually_vector_aligned@U_Default_allocate_traits@std@@@std@@YAPEAX_K@Z 000000018000b160 f i c9_rpi_camera.obj
 0001:0000a1f0       ??$_Construct_in_place@PEADAEBQEAD@std@@YAXAEAPEADAEBQEAD@Z 000000018000b1f0 f i c9_rpi_camera.obj
 0001:0000a240       ??$_Convert_size@_K@std@@YA_K_K@Z 000000018000b240 f i c9_rpi_camera.obj
 0001:0000a250       ??$_Copy_memmove@PEAMPEAM@std@@YAPEAMPEAM00@Z 000000018000b250 f i c9_rpi_camera.obj
 0001:0000a2f0       ??$_Deallocate@$0BA@$0A@@std@@YAXPEAX_K@Z 000000018000b2f0 f i c9_rpi_camera.obj
 0001:0000a330       ??$_Destroy_in_place@PEAD@std@@YAXAEAPEAD@Z 000000018000b330 f i c9_rpi_camera.obj
 0001:0000a340       ??$_Destroy_range@V?$allocator@I@std@@@std@@YAXPEAIQEAIAEAV?$allocator@I@0@@Z 000000018000b340 f i c9_rpi_camera.obj
 0001:0000a350       ??$_Destroy_range@V?$allocator@M@std@@@std@@YAXPEAMQEAMAEAV?$allocator@M@0@@Z 000000018000b350 f i c9_rpi_camera.obj
 0001:0000a360       ??$_Destroy_range@V?$allocator@W4DataType@tflite@@@std@@@std@@YAXPEAW4DataType@tflite@@QEAW412@AEAV?$allocator@W4DataType@tflite@@@0@@Z 000000018000b360 f i c9_rpi_camera.obj
 0001:0000a370       ??$_Emplace_back@M@?$_Uninitialized_backout_al@V?$allocator@M@std@@@std@@QEAAX$$QEAM@Z 000000018000b370 f i c9_rpi_camera.obj
 0001:0000a3e0       ??$_Get_size_of_n@$00@std@@YA_K_K@Z 000000018000b3e0 f i c9_rpi_camera.obj
 0001:0000a400       ??$_Get_size_of_n@$03@std@@YA_K_K@Z 000000018000b400 f i c9_rpi_camera.obj
 0001:0000a450       ??$_Get_unwrapped@AEBQEAM@std@@YA?A_TAEBQEAM@Z 000000018000b450 f i c9_rpi_camera.obj
 0001:0000a460       ??$_Reallocate_for@V<lambda_66f57f934f28d61049862f64df852ff0>@@PEBD@?$basic_string@DU?$char_traits@D@std@@V?$allocator@D@2@@std@@AEAAAEAV01@_KV<lambda_66f57f934f28d61049862f64df852ff0>@@PEBD@Z 000000018000b460 f i c9_rpi_camera.obj
 0001:0000a580       ??$_Reallocate_grow_by@V<lambda_65e615be2a453ca0576c979606f46740>@@PEBD_K@?$basic_string@DU?$char_traits@D@std@@V?$allocator@D@2@@std@@AEAAAEAV01@_KV<lambda_65e615be2a453ca0576c979606f46740>@@PEBD_K@Z 000000018000b580 f i c9_rpi_camera.obj
 0001:0000a750       ??$_To_address@PEAM@std@@YA?A_PAEBQEAM@Z 000000018000b750 f i c9_rpi_camera.obj
 0001:0000a760       ??$_Unfancy@D@std@@YAPEADPEAD@Z 000000018000b760 f i c9_rpi_camera.obj
 0001:0000a770       ??$_Unfancy@M@std@@YAPEAMPEAM@Z 000000018000b770 f i c9_rpi_camera.obj
 0001:0000a780       ??$_Uninitialized_move@PEAMV?$allocator@M@std@@@std@@YAPEAMQEAM0PEAMAEAV?$allocator@M@0@@Z 000000018000b780 f i c9_rpi_camera.obj
 0001:0000a860       ??$_Voidify_iter@PEAM@std@@YAPEAXPEAM@Z 000000018000b860 f i c9_rpi_camera.obj
 0001:0000a870       ??$_Voidify_iter@PEAPEAD@std@@YAPEAXPEAPEAD@Z 000000018000b870 f i c9_rpi_camera.obj
 0001:0000a880       ??$addressof@PEAD@std@@YAPEAPEADAEAPEAD@Z 000000018000b880 f i c9_rpi_camera.obj
 0001:0000a890       ??$construct@MM@?$_Default_allocator_traits@V?$allocator@M@std@@@std@@SAXAEAV?$allocator@M@1@QEAM$$QEAM@Z 000000018000b890 f i c9_rpi_camera.obj
 0001:0000a8e0       ??$endl@DU?$char_traits@D@std@@@std@@YAAEAV?$basic_ostream@DU?$char_traits@D@std@@@0@AEAV10@@Z 000000018000b8e0 f i c9_rpi_camera.obj
 0001:0000a940       ??$forward@AEAE@std@@YAAEAEAEAE@Z 000000018000b940 f i c9_rpi_camera.obj
 0001:0000a950       ??$forward@AEAH@std@@YAAEAHAEAH@Z 000000018000b950 f i c9_rpi_camera.obj
 0001:0000a960       ??$forward@AEAM@std@@YAAEAMAEAM@Z 000000018000b960 f i c9_rpi_camera.obj
 0001:0000a970       ??$forward@AEAPEAVMWErrorReporter@tflite@@@std@@YAAEAPEAVMWErrorReporter@tflite@@AEAPEAV12@@Z 000000018000b970 f i c9_rpi_camera.obj
 0001:0000a980       ??$forward@AEAPEAVinvokeinterpreter@@@std@@YAAEAPEAVinvokeinterpreter@@AEAPEAV1@@Z 000000018000b980 f i c9_rpi_camera.obj
 0001:0000a990       ??$forward@AEBQEAD@std@@YAAEBQEADAEBQEAD@Z 000000018000b990 f i c9_rpi_camera.obj
 0001:0000a9a0       ??$forward@H@std@@YA$$QEAHAEAH@Z 000000018000b9a0 f i c9_rpi_camera.obj
 0001:0000a9b0       ??$forward@M@std@@YA$$QEAMAEAM@Z 000000018000b9b0 f i c9_rpi_camera.obj
 0001:0000a9c0       ??$forward@PEAD@std@@YA$$QEAPEADAEAPEAD@Z 000000018000b9c0 f i c9_rpi_camera.obj
 0001:0000a9d0       ??$forward@PEAM@std@@YA$$QEAPEAMAEAPEAM@Z 000000018000b9d0 f i c9_rpi_camera.obj
 0001:0000a9e0       ??$forward@_N@std@@YA$$QEA_NAEA_N@Z 000000018000b9e0 f i c9_rpi_camera.obj
 0001:0000a9f0       ??$invoke@AEBQ8invokeinterpreter@@EAAXH@ZAEAPEAV1@AEAH@std@@YAXAEBQ8invokeinterpreter@@EAAXH@ZAEAPEAV1@AEAH@Z 000000018000b9f0 f i c9_rpi_camera.obj
 0001:0000aa40       ??$invoke@AEBQ8invokeinterpreter@@EAAXM@ZAEAPEAV1@AEAM@std@@YAXAEBQ8invokeinterpreter@@EAAXM@ZAEAPEAV1@AEAM@Z 000000018000ba40 f i c9_rpi_camera.obj
 0001:0000aa90       ??$invoke@AEBQ8invokeinterpreter@@EAAXPEAM@ZAEAPEAV1@PEAM@std@@YAXAEBQ8invokeinterpreter@@EAAXPEAM@ZAEAPEAV1@$$QEAPEAM@Z 000000018000ba90 f i c9_rpi_camera.obj
 0001:0000aae0       ??$invoke@AEBQ8invokeinterpreter@@EAAXPEBDH@ZAEAPEAV1@PEADAEAH@std@@YAXAEBQ8invokeinterpreter@@EAAXPEBDH@ZAEAPEAV1@$$QEAPEADAEAH@Z 000000018000bae0 f i c9_rpi_camera.obj
 0001:0000ab30       ??$invoke@AEBQ8invokeinterpreter@@EAAXPEBMHPEAM@ZAEAPEAV1@PEAMHPEAM@std@@YAXAEBQ8invokeinterpreter@@EAAXPEBMHPEAM@ZAEAPEAV1@$$QEAPEAM$$QEAH4@Z 000000018000bb30 f i c9_rpi_camera.obj
 0001:0000ab90       ??$invoke@AEBQ8invokeinterpreter@@EAAX_N@ZAEAPEAV1@AEAE@std@@YAXAEBQ8invokeinterpreter@@EAAX_N@ZAEAPEAV1@AEAE@Z 000000018000bb90 f i c9_rpi_camera.obj
 0001:0000abf0       ??$invoke@AEBQ8invokeinterpreter@@EAAX_N@ZAEAPEAV1@_N@std@@YAXAEBQ8invokeinterpreter@@EAAX_N@ZAEAPEAV1@$$QEA_N@Z 000000018000bbf0 f i c9_rpi_camera.obj
 0001:0000ac40       ??$make_unique@VMWErrorReporter@tflite@@$$V$0A@@std@@YA?AV?$unique_ptr@VMWErrorReporter@tflite@@U?$default_delete@VMWErrorReporter@tflite@@@std@@@0@XZ 000000018000bc40 f i c9_rpi_camera.obj
 0001:0000acc0       ??$max@_K@std@@YAAEB_KAEB_K0@Z 000000018000bcc0 f i c9_rpi_camera.obj
 0001:0000ad10       ??$mem_fn@$$A6AXH@ZVinvokeinterpreter@@@std@@YA?AV?$_Mem_fn@P8invokeinterpreter@@EAAXH@Z@0@P8invokeinterpreter@@EAAXH@Z@Z 000000018000bd10 f i c9_rpi_camera.obj
 0001:0000ad40       ??$mem_fn@$$A6AXM@ZVinvokeinterpreter@@@std@@YA?AV?$_Mem_fn@P8invokeinterpreter@@EAAXM@Z@0@P8invokeinterpreter@@EAAXM@Z@Z 000000018000bd40 f i c9_rpi_camera.obj
 0001:0000ad70       ??$mem_fn@$$A6AXPEAM@ZVinvokeinterpreter@@@std@@YA?AV?$_Mem_fn@P8invokeinterpreter@@EAAXPEAM@Z@0@P8invokeinterpreter@@EAAXPEAM@Z@Z 000000018000bd70 f i c9_rpi_camera.obj
 0001:0000ada0       ??$mem_fn@$$A6AXPEBDH@ZVinvokeinterpreter@@@std@@YA?AV?$_Mem_fn@P8invokeinterpreter@@EAAXPEBDH@Z@0@P8invokeinterpreter@@EAAXPEBDH@Z@Z 000000018000bda0 f i c9_rpi_camera.obj
 0001:0000add0       ??$mem_fn@$$A6AXPEBMHPEAM@ZVinvokeinterpreter@@@std@@YA?AV?$_Mem_fn@P8invokeinterpreter@@EAAXPEBMHPEAM@Z@0@P8invokeinterpreter@@EAAXPEBMHPEAM@Z@Z 000000018000bdd0 f i c9_rpi_camera.obj
 0001:0000ae00       ??$mem_fn@$$A6AX_N@ZVinvokeinterpreter@@@std@@YA?AV?$_Mem_fn@P8invokeinterpreter@@EAAX_N@Z@0@P8invokeinterpreter@@EAAX_N@Z@Z 000000018000be00 f i c9_rpi_camera.obj
 0001:0000ae30       ??$min@_K@std@@YAAEB_KAEB_K0@Z 000000018000be30 f i c9_rpi_camera.obj
 0001:0000ae80       ??$move@AEAM@std@@YA$$QEAMAEAM@Z 000000018000be80 f i c9_rpi_camera.obj
 0001:0000ae90       ??$round@H$0A@@@YANH@Z     000000018000be90 f i c9_rpi_camera.obj
 0001:0000aeb0       ??0?$_Mem_fn@P8invokeinterpreter@@EAAXH@Z@std@@QEAA@P8invokeinterpreter@@EAAXH@Z@Z 000000018000beb0 f i c9_rpi_camera.obj
 0001:0000aed0       ??0?$_Mem_fn@P8invokeinterpreter@@EAAXM@Z@std@@QEAA@P8invokeinterpreter@@EAAXM@Z@Z 000000018000bed0 f i c9_rpi_camera.obj
 0001:0000aef0       ??0?$_Mem_fn@P8invokeinterpreter@@EAAXPEAM@Z@std@@QEAA@P8invokeinterpreter@@EAAXPEAM@Z@Z 000000018000bef0 f i c9_rpi_camera.obj
 0001:0000af10       ??0?$_Mem_fn@P8invokeinterpreter@@EAAXPEBDH@Z@std@@QEAA@P8invokeinterpreter@@EAAXPEBDH@Z@Z 000000018000bf10 f i c9_rpi_camera.obj
 0001:0000af30       ??0?$_Mem_fn@P8invokeinterpreter@@EAAXPEBMHPEAM@Z@std@@QEAA@P8invokeinterpreter@@EAAXPEBMHPEAM@Z@Z 000000018000bf30 f i c9_rpi_camera.obj
 0001:0000af50       ??0?$_Mem_fn@P8invokeinterpreter@@EAAX_N@Z@std@@QEAA@P8invokeinterpreter@@EAAX_N@Z@Z 000000018000bf50 f i c9_rpi_camera.obj
 0001:0000af70       ??0?$_String_val@U?$_Simple_types@D@std@@@std@@QEAA@XZ 000000018000bf70 f i c9_rpi_camera.obj
 0001:0000afb0       ??0?$_Uninitialized_backout_al@V?$allocator@M@std@@@std@@QEAA@PEAMAEAV?$allocator@M@1@@Z 000000018000bfb0 f i c9_rpi_camera.obj
 0001:0000aff0       ??0?$_Vector_val@U?$_Simple_types@I@std@@@std@@QEAA@XZ 000000018000bff0 f i c9_rpi_camera.obj
 0001:0000b030       ??0?$_Vector_val@U?$_Simple_types@M@std@@@std@@QEAA@XZ 000000018000c030 f i c9_rpi_camera.obj
 0001:0000b070       ??0?$_Vector_val@U?$_Simple_types@W4DataType@tflite@@@std@@@std@@QEAA@XZ 000000018000c070 f i c9_rpi_camera.obj
 0001:0000b0b0       ??0?$allocator@D@std@@QEAA@XZ 000000018000c0b0 f i c9_rpi_camera.obj
 0001:0000b0c0       ??0?$allocator@I@std@@QEAA@XZ 000000018000c0c0 f i c9_rpi_camera.obj
 0001:0000b0d0       ??0?$allocator@M@std@@QEAA@XZ 000000018000c0d0 f i c9_rpi_camera.obj
 0001:0000b0e0       ??0?$allocator@W4DataType@tflite@@@std@@QEAA@XZ 000000018000c0e0 f i c9_rpi_camera.obj
 0001:0000b0f0       ??0?$basic_string@DU?$char_traits@D@std@@V?$allocator@D@2@@std@@QEAA@QEBD@Z 000000018000c0f0 f i c9_rpi_camera.obj
 0001:0000b170       ??0?$basic_string@DU?$char_traits@D@std@@V?$allocator@D@2@@std@@QEAA@XZ 000000018000c170 f i c9_rpi_camera.obj
 0001:0000b1d0       ??0?$vector@IV?$allocator@I@std@@@std@@QEAA@XZ 000000018000c1d0 f i c9_rpi_camera.obj
 0001:0000b220       ??0?$vector@MV?$allocator@M@std@@@std@@QEAA@XZ 000000018000c220 f i c9_rpi_camera.obj
 0001:0000b270       ??0?$vector@W4DataType@tflite@@V?$allocator@W4DataType@tflite@@@std@@@std@@QEAA@XZ 000000018000c270 f i c9_rpi_camera.obj
 0001:0000b2c0       ??0ErrorReporter@tflite@@QEAA@XZ 000000018000c2c0 f i c9_rpi_camera.obj
 0001:0000b2e0       ??0MWErrorReporter@tflite@@QEAA@XZ 000000018000c2e0 f i c9_rpi_camera.obj
 0001:0000b320       ??0_Bxty@?$_String_val@U?$_Simple_types@D@std@@@std@@QEAA@XZ 000000018000c320 f i c9_rpi_camera.obj
 0001:0000b340       ??0_Fake_proxy_ptr_impl@std@@QEAA@AEBU_Fake_allocator@1@AEBU_Container_base0@1@@Z 000000018000c340 f i c9_rpi_camera.obj
 0001:0000b360       ??0_Sentry_base@?$basic_ostream@DU?$char_traits@D@std@@@std@@QEAA@AEAV12@@Z 000000018000c360 f i c9_rpi_camera.obj
 0001:0000b3d0       ??0bad_alloc@std@@AEAA@QEBD@Z 000000018000c3d0 f i c9_rpi_camera.obj
 0001:0000b410       ??0bad_alloc@std@@QEAA@AEBV01@@Z 000000018000c410 f i c9_rpi_camera.obj
 0001:0000b450       ??0bad_array_new_length@std@@QEAA@AEBV01@@Z 000000018000c450 f i c9_rpi_camera.obj
 0001:0000b490       ??0bad_array_new_length@std@@QEAA@XZ 000000018000c490 f i c9_rpi_camera.obj
 0001:0000b4d0       ??0exception@std@@QEAA@AEBV01@@Z 000000018000c4d0 f i c9_rpi_camera.obj
 0001:0000b530       ??0exception@std@@QEAA@QEBD@Z 000000018000c530 f i c9_rpi_camera.obj
 0001:0000b5a0       ??0exception@std@@QEAA@QEBDH@Z 000000018000c5a0 f i c9_rpi_camera.obj
 0001:0000b5f0       ??0invokeinterpreter@@QEAA@XZ 000000018000c5f0 f i c9_rpi_camera.obj
 0001:0000b7c0       ??0runtime_error@std@@QEAA@AEBV01@@Z 000000018000c7c0 f i c9_rpi_camera.obj
 0001:0000b800       ??0runtime_error@std@@QEAA@PEBD@Z 000000018000c800 f i c9_rpi_camera.obj
 0001:0000b840       ??0sentry@?$basic_ostream@DU?$char_traits@D@std@@@std@@QEAA@AEAV12@@Z 000000018000c840 f i c9_rpi_camera.obj
 0001:0000b920       ??1?$_Compressed_pair@V?$allocator@D@std@@V?$_String_val@U?$_Simple_types@D@std@@@2@$00@std@@QEAA@XZ 000000018000c920 f i c9_rpi_camera.obj
 0001:0000b940       ??1?$_String_val@U?$_Simple_types@D@std@@@std@@QEAA@XZ 000000018000c940 f i c9_rpi_camera.obj
 0001:0000b960       ??1?$_Uninitialized_backout_al@V?$allocator@M@std@@@std@@QEAA@XZ 000000018000c960 f i c9_rpi_camera.obj
 0001:0000b990       ??1?$basic_string@DU?$char_traits@D@std@@V?$allocator@D@2@@std@@QEAA@XZ 000000018000c990 f i c9_rpi_camera.obj
 0001:0000b9c0       ??1?$unique_ptr@VFlatBufferModel@impl@tflite@@U?$default_delete@VFlatBufferModel@impl@tflite@@@std@@@std@@QEAA@XZ 000000018000c9c0 f i c9_rpi_camera.obj
 0001:0000ba10       ??1?$unique_ptr@VInterpreter@impl@tflite@@U?$default_delete@VInterpreter@impl@tflite@@@std@@@std@@QEAA@XZ 000000018000ca10 f i c9_rpi_camera.obj
 0001:0000ba60       ??1?$unique_ptr@VMWErrorReporter@tflite@@U?$default_delete@VMWErrorReporter@tflite@@@std@@@std@@QEAA@XZ 000000018000ca60 f i c9_rpi_camera.obj
 0001:0000bab0       ??1?$vector@IV?$allocator@I@std@@@std@@QEAA@XZ 000000018000cab0 f i c9_rpi_camera.obj
 0001:0000bad0       ??1?$vector@MV?$allocator@M@std@@@std@@QEAA@XZ 000000018000cad0 f i c9_rpi_camera.obj
 0001:0000baf0       ??1?$vector@W4DataType@tflite@@V?$allocator@W4DataType@tflite@@@std@@@std@@QEAA@XZ 000000018000caf0 f i c9_rpi_camera.obj
 0001:0000bb10       ??1ErrorReporter@tflite@@UEAA@XZ 000000018000cb10 f i c9_rpi_camera.obj
 0001:0000bb20       ??1MWErrorReporter@tflite@@UEAA@XZ 000000018000cb20 f i c9_rpi_camera.obj
 0001:0000bb50       ??1_Bxty@?$_String_val@U?$_Simple_types@D@std@@@std@@QEAA@XZ 000000018000cb50 f i c9_rpi_camera.obj
 0001:0000bb60       ??1_Sentry_base@?$basic_ostream@DU?$char_traits@D@std@@@std@@QEAA@XZ 000000018000cb60 f i c9_rpi_camera.obj
 0001:0000bbc0       ??1bad_alloc@std@@UEAA@XZ  000000018000cbc0 f i c9_rpi_camera.obj
 0001:0000bbe0       ??1bad_array_new_length@std@@UEAA@XZ 000000018000cbe0 f i c9_rpi_camera.obj
 0001:0000bc00       ??1exception@std@@UEAA@XZ  000000018000cc00 f i c9_rpi_camera.obj
 0001:0000bc30       ??1invokeinterpreter@@QEAA@XZ 000000018000cc30 f i c9_rpi_camera.obj
 0001:0000bd70       ??1runtime_error@std@@UEAA@XZ 000000018000cd70 f i c9_rpi_camera.obj
 0001:0000bd90       ??1sentry@?$basic_ostream@DU?$char_traits@D@std@@@std@@QEAA@XZ 000000018000cd90 f i c9_rpi_camera.obj
 0001:0000bdf0       ??2@YAPEAX_KPEAX@Z         000000018000cdf0 f i c9_rpi_camera.obj
 0001:0000be00       ??A?$vector@MV?$allocator@M@std@@@std@@QEAAAEAM_K@Z 000000018000ce00 f i c9_rpi_camera.obj
 0001:0000be30       ??Bsentry@?$basic_ostream@DU?$char_traits@D@std@@@std@@QEBA_NXZ 000000018000ce30 f i c9_rpi_camera.obj
 0001:0000be40       ??R<lambda_65e615be2a453ca0576c979606f46740>@@QEBA@QEADQEBD_K12@Z 000000018000ce40 f i c9_rpi_camera.obj
 0001:0000bec0       ??R<lambda_66f57f934f28d61049862f64df852ff0>@@QEBA@QEAD_KQEBD@Z 000000018000cec0 f i c9_rpi_camera.obj
 0001:0000bf20       ??R?$default_delete@VFlatBufferModel@impl@tflite@@@std@@QEBAXPEAVFlatBufferModel@impl@tflite@@@Z 000000018000cf20 f i c9_rpi_camera.obj
 0001:0000bf70       ??R?$default_delete@VInterpreter@impl@tflite@@@std@@QEBAXPEAVInterpreter@impl@tflite@@@Z 000000018000cf70 f i c9_rpi_camera.obj
 0001:0000bfc0       ??R?$default_delete@VMWErrorReporter@tflite@@@std@@QEBAXPEAVMWErrorReporter@tflite@@@Z 000000018000cfc0 f i c9_rpi_camera.obj
 0001:0000c020       ??Y?$basic_string@DU?$char_traits@D@std@@V?$allocator@D@2@@std@@QEAAAEAV01@QEBD@Z 000000018000d020 f i c9_rpi_camera.obj
 0001:0000c050       ??_GErrorReporter@tflite@@UEAAPEAXI@Z 000000018000d050 f i c9_rpi_camera.obj
 0001:0000c050       ??_EErrorReporter@tflite@@UEAAPEAXI@Z 000000018000d050 f i c9_rpi_camera.obj
 0001:0000c090       ??_GFlatBufferModel@impl@tflite@@QEAAPEAXI@Z 000000018000d090 f i c9_rpi_camera.obj
 0001:0000c0d0       ??_GInterpreter@impl@tflite@@QEAAPEAXI@Z 000000018000d0d0 f i c9_rpi_camera.obj
 0001:0000c110       ??_EMWErrorReporter@tflite@@UEAAPEAXI@Z 000000018000d110 f i c9_rpi_camera.obj
 0001:0000c110       ??_GMWErrorReporter@tflite@@UEAAPEAXI@Z 000000018000d110 f i c9_rpi_camera.obj
 0001:0000c150       ??_Ebad_alloc@std@@UEAAPEAXI@Z 000000018000d150 f i c9_rpi_camera.obj
 0001:0000c150       ??_Gbad_alloc@std@@UEAAPEAXI@Z 000000018000d150 f i c9_rpi_camera.obj
 0001:0000c190       ??_Gbad_array_new_length@std@@UEAAPEAXI@Z 000000018000d190 f i c9_rpi_camera.obj
 0001:0000c190       ??_Ebad_array_new_length@std@@UEAAPEAXI@Z 000000018000d190 f i c9_rpi_camera.obj
 0001:0000c1d0       ??_Eexception@std@@UEAAPEAXI@Z 000000018000d1d0 f i c9_rpi_camera.obj
 0001:0000c1d0       ??_Gexception@std@@UEAAPEAXI@Z 000000018000d1d0 f i c9_rpi_camera.obj
 0001:0000c210       ??_Ginvokeinterpreter@@QEAAPEAXI@Z 000000018000d210 f i c9_rpi_camera.obj
 0001:0000c250       ??_Gruntime_error@std@@UEAAPEAXI@Z 000000018000d250 f i c9_rpi_camera.obj
 0001:0000c250       ??_Eruntime_error@std@@UEAAPEAXI@Z 000000018000d250 f i c9_rpi_camera.obj
 0001:0000c290       ?Report@MWErrorReporter@tflite@@UEAAHPEBDPEAD@Z 000000018000d290 f i c9_rpi_camera.obj
 0001:0000c330       ?_Adjust_manually_vector_aligned@std@@YAXAEAPEAXAEA_K@Z 000000018000d330 f i c9_rpi_camera.obj
 0001:0000c3d0       ?_Alloc_proxy@_Container_base0@std@@QEAAXAEBU_Fake_allocator@2@@Z 000000018000d3d0 f i c9_rpi_camera.obj
 0001:0000c3e0       ?_Allocate@_Default_allocate_traits@std@@SAPEAX_K@Z 000000018000d3e0 f i c9_rpi_camera.obj
 0001:0000c400       ?_Calculate_growth@?$basic_string@DU?$char_traits@D@std@@V?$allocator@D@2@@std@@AEBA_K_K@Z 000000018000d400 f i c9_rpi_camera.obj
 0001:0000c450       ?_Calculate_growth@?$basic_string@DU?$char_traits@D@std@@V?$allocator@D@2@@std@@CA_K_K00@Z 000000018000d450 f i c9_rpi_camera.obj
 0001:0000c4f0       ?_Change_array@?$vector@MV?$allocator@M@std@@@std@@AEAAXQEAM_K1@Z 000000018000d4f0 f i c9_rpi_camera.obj
 0001:0000c600       ?_Destroy@?$vector@IV?$allocator@I@std@@@std@@AEAAXPEAI0@Z 000000018000d600 f i c9_rpi_camera.obj
 0001:0000c640       ?_Destroy@?$vector@MV?$allocator@M@std@@@std@@AEAAXPEAM0@Z 000000018000d640 f i c9_rpi_camera.obj
 0001:0000c680       ?_Destroy@?$vector@W4DataType@tflite@@V?$allocator@W4DataType@tflite@@@std@@@std@@AEAAXPEAW4DataType@tflite@@0@Z 000000018000d680 f i c9_rpi_camera.obj
 0001:0000c6c0       ?_Get_first@?$_Compressed_pair@U?$default_delete@VFlatBufferModel@impl@tflite@@@std@@PEAVFlatBufferModel@impl@tflite@@$00@std@@QEAAAEAU?$default_delete@VFlatBufferModel@impl@tflite@@@2@XZ 000000018000d6c0 f i c9_rpi_camera.obj
 0001:0000c6d0       ?_Get_first@?$_Compressed_pair@U?$default_delete@VInterpreter@impl@tflite@@@std@@PEAVInterpreter@impl@tflite@@$00@std@@QEAAAEAU?$default_delete@VInterpreter@impl@tflite@@@2@XZ 000000018000d6d0 f i c9_rpi_camera.obj
 0001:0000c6e0       ?_Get_first@?$_Compressed_pair@U?$default_delete@VMWErrorReporter@tflite@@@std@@PEAVMWErrorReporter@tflite@@$00@std@@QEAAAEAU?$default_delete@VMWErrorReporter@tflite@@@2@XZ 000000018000d6e0 f i c9_rpi_camera.obj
 0001:0000c6f0       ?_Get_first@?$_Compressed_pair@V?$allocator@D@std@@V?$_String_val@U?$_Simple_types@D@std@@@2@$00@std@@QEAAAEAV?$allocator@D@2@XZ 000000018000d6f0 f i c9_rpi_camera.obj
 0001:0000c700       ?_Get_first@?$_Compressed_pair@V?$allocator@D@std@@V?$_String_val@U?$_Simple_types@D@std@@@2@$00@std@@QEBAAEBV?$allocator@D@2@XZ 000000018000d700 f i c9_rpi_camera.obj
 0001:0000c710       ?_Get_first@?$_Compressed_pair@V?$allocator@I@std@@V?$_Vector_val@U?$_Simple_types@I@std@@@2@$00@std@@QEAAAEAV?$allocator@I@2@XZ 000000018000d710 f i c9_rpi_camera.obj
 0001:0000c720       ?_Get_first@?$_Compressed_pair@V?$allocator@M@std@@V?$_Vector_val@U?$_Simple_types@M@std@@@2@$00@std@@QEAAAEAV?$allocator@M@2@XZ 000000018000d720 f i c9_rpi_camera.obj
 0001:0000c730       ?_Get_first@?$_Compressed_pair@V?$allocator@M@std@@V?$_Vector_val@U?$_Simple_types@M@std@@@2@$00@std@@QEBAAEBV?$allocator@M@2@XZ 000000018000d730 f i c9_rpi_camera.obj
 0001:0000c740       ?_Get_first@?$_Compressed_pair@V?$allocator@W4DataType@tflite@@@std@@V?$_Vector_val@U?$_Simple_types@W4DataType@tflite@@@std@@@2@$00@std@@QEAAAEAV?$allocator@W4DataType@tflite@@@2@XZ 000000018000d740 f i c9_rpi_camera.obj
 0001:0000c750       ?_Getal@?$basic_string@DU?$char_traits@D@std@@V?$allocator@D@2@@std@@AEAAAEAV?$allocator@D@2@XZ 000000018000d750 f i c9_rpi_camera.obj
 0001:0000c770       ?_Getal@?$basic_string@DU?$char_traits@D@std@@V?$allocator@D@2@@std@@AEBAAEBV?$allocator@D@2@XZ 000000018000d770 f i c9_rpi_camera.obj
 0001:0000c790       ?_Getal@?$vector@IV?$allocator@I@std@@@std@@AEAAAEAV?$allocator@I@2@XZ 000000018000d790 f i c9_rpi_camera.obj
 0001:0000c7b0       ?_Getal@?$vector@MV?$allocator@M@std@@@std@@AEAAAEAV?$allocator@M@2@XZ 000000018000d7b0 f i c9_rpi_camera.obj
 0001:0000c7d0       ?_Getal@?$vector@MV?$allocator@M@std@@@std@@AEBAAEBV?$allocator@M@2@XZ 000000018000d7d0 f i c9_rpi_camera.obj
 0001:0000c7f0       ?_Getal@?$vector@W4DataType@tflite@@V?$allocator@W4DataType@tflite@@@std@@@std@@AEAAAEAV?$allocator@W4DataType@tflite@@@2@XZ 000000018000d7f0 f i c9_rpi_camera.obj
 0001:0000c810       ?_Large_string_engaged@?$_String_val@U?$_Simple_types@D@std@@@std@@QEBA_NXZ 000000018000d810 f i c9_rpi_camera.obj
 0001:0000c840       ?_Myptr@?$_String_val@U?$_Simple_types@D@std@@@std@@QEAAPEADXZ 000000018000d840 f i c9_rpi_camera.obj
 0001:0000c880       ?_Myptr@?$_String_val@U?$_Simple_types@D@std@@@std@@QEBAPEBDXZ 000000018000d880 f i c9_rpi_camera.obj
 0001:0000c8c0       ?_Orphan_all@_Container_base0@std@@QEAAXXZ 000000018000d8c0 f i c9_rpi_camera.obj
 0001:0000c8d0       ?_Reallocate_exactly@?$vector@MV?$allocator@M@std@@@std@@AEAAX_K@Z 000000018000d8d0 f i c9_rpi_camera.obj
 0001:0000c980       ?_Release@?$_Uninitialized_backout_al@V?$allocator@M@std@@@std@@QEAAPEAMXZ 000000018000d980 f i c9_rpi_camera.obj
 0001:0000c9a0       ?_Release@_Fake_proxy_ptr_impl@std@@QEAAXXZ 000000018000d9a0 f i c9_rpi_camera.obj
 0001:0000c9b0       ?_Throw_bad_array_new_length@std@@YAXXZ 000000018000d9b0 f i c9_rpi_camera.obj
 0001:0000c9e0       ?_Tidy@?$vector@IV?$allocator@I@std@@@std@@AEAAXXZ 000000018000d9e0 f i c9_rpi_camera.obj
 0001:0000cad0       ?_Tidy@?$vector@MV?$allocator@M@std@@@std@@AEAAXXZ 000000018000dad0 f i c9_rpi_camera.obj
 0001:0000cbc0       ?_Tidy@?$vector@W4DataType@tflite@@V?$allocator@W4DataType@tflite@@@std@@@std@@AEAAXXZ 000000018000dbc0 f i c9_rpi_camera.obj
 0001:0000ccb0       ?_Tidy_deallocate@?$basic_string@DU?$char_traits@D@std@@V?$allocator@D@2@@std@@AEAAXXZ 000000018000dcb0 f i c9_rpi_camera.obj
 0001:0000cd70       ?_Tidy_init@?$basic_string@DU?$char_traits@D@std@@V?$allocator@D@2@@std@@AEAAXXZ 000000018000dd70 f i c9_rpi_camera.obj
 0001:0000cdd0       ?_Umove_if_noexcept1@?$vector@MV?$allocator@M@std@@@std@@AEAAXPEAM00U?$integral_constant@_N$00@2@@Z 000000018000ddd0 f i c9_rpi_camera.obj
 0001:0000ce10       ?_Umove_if_noexcept@?$vector@MV?$allocator@M@std@@@std@@AEAAXPEAM00@Z 000000018000de10 f i c9_rpi_camera.obj
 0001:0000ce70       ?_Xlen_string@std@@YAXXZ   000000018000de70 f i c9_rpi_camera.obj
 0001:0000ce90       ?_Xlength@?$vector@MV?$allocator@M@std@@@std@@CAXXZ 000000018000de90 f i c9_rpi_camera.obj
 0001:0000ceb0       ?allocate@?$allocator@D@std@@QEAAPEAD_K@Z 000000018000deb0 f i c9_rpi_camera.obj
 0001:0000cee0       ?allocate@?$allocator@M@std@@QEAAPEAM_K@Z 000000018000dee0 f i c9_rpi_camera.obj
 0001:0000cf10       ?append@?$basic_string@DU?$char_traits@D@std@@V?$allocator@D@2@@std@@QEAAAEAV12@QEBD@Z 000000018000df10 f i c9_rpi_camera.obj
 0001:0000cf50       ?append@?$basic_string@DU?$char_traits@D@std@@V?$allocator@D@2@@std@@QEAAAEAV12@QEBD_K@Z 000000018000df50 f i c9_rpi_camera.obj
 0001:0000d050       ?assign@?$_Narrow_char_traits@DH@std@@SAXAEADAEBD@Z 000000018000e050 f i c9_rpi_camera.obj
 0001:0000d070       ?assign@?$basic_string@DU?$char_traits@D@std@@V?$allocator@D@2@@std@@QEAAAEAV12@QEBD@Z 000000018000e070 f i c9_rpi_camera.obj
 0001:0000d0b0       ?assign@?$basic_string@DU?$char_traits@D@std@@V?$allocator@D@2@@std@@QEAAAEAV12@QEBD_K@Z 000000018000e0b0 f i c9_rpi_camera.obj
 0001:0000d170       ?c_str@?$basic_string@DU?$char_traits@D@std@@V?$allocator@D@2@@std@@QEBAPEBDXZ 000000018000e170 f i c9_rpi_camera.obj
 0001:0000d190       ?capacity@?$vector@MV?$allocator@M@std@@@std@@QEBA_KXZ 000000018000e190 f i c9_rpi_camera.obj
 0001:0000d1c0       ?copy@?$_Char_traits@DH@std@@SAPEADQEADQEBD_K@Z 000000018000e1c0 f i c9_rpi_camera.obj
 0001:0000d200       ?deallocate@?$allocator@D@std@@QEAAXQEAD_K@Z 000000018000e200 f i c9_rpi_camera.obj
 0001:0000d230       ?deallocate@?$allocator@I@std@@QEAAXQEAI_K@Z 000000018000e230 f i c9_rpi_camera.obj
 0001:0000d260       ?deallocate@?$allocator@M@std@@QEAAXQEAM_K@Z 000000018000e260 f i c9_rpi_camera.obj
 0001:0000d290       ?deallocate@?$allocator@W4DataType@tflite@@@std@@QEAAXQEAW4DataType@tflite@@_K@Z 000000018000e290 f i c9_rpi_camera.obj
 0001:0000d2c0       ?eof@?$_Narrow_char_traits@DH@std@@SAHXZ 000000018000e2c0 f i c9_rpi_camera.obj
 0001:0000d2d0       ?eq_int_type@?$_Narrow_char_traits@DH@std@@SA_NAEBH0@Z 000000018000e2d0 f i c9_rpi_camera.obj
 0001:0000d310       ?length@?$_Narrow_char_traits@DH@std@@SA_KQEBD@Z 000000018000e310 f i c9_rpi_camera.obj
 0001:0000d350       ?max@?$numeric_limits@_J@std@@SA_JXZ 000000018000e350 f i c9_rpi_camera.obj
 0001:0000d360       ?max_size@?$_Default_allocator_traits@V?$allocator@D@std@@@std@@SA_KAEBV?$allocator@D@2@@Z 000000018000e360 f i c9_rpi_camera.obj
 0001:0000d370       ?max_size@?$_Default_allocator_traits@V?$allocator@M@std@@@std@@SA_KAEBV?$allocator@M@2@@Z 000000018000e370 f i c9_rpi_camera.obj
 0001:0000d380       ?max_size@?$basic_string@DU?$char_traits@D@std@@V?$allocator@D@2@@std@@QEBA_KXZ 000000018000e380 f i c9_rpi_camera.obj
 0001:0000d3f0       ?max_size@?$vector@MV?$allocator@M@std@@@std@@QEBA_KXZ 000000018000e3f0 f i c9_rpi_camera.obj
 0001:0000d440       ?move@?$_Char_traits@DH@std@@SAPEADQEADQEBD_K@Z 000000018000e440 f i c9_rpi_camera.obj
 0001:0000d480       ?reserve@?$vector@MV?$allocator@M@std@@@std@@QEAAX_K@Z 000000018000e480 f i c9_rpi_camera.obj
 0001:0000d4d0       ?setInputMean@invokeinterpreter@@QEAAXM@Z 000000018000e4d0 f i c9_rpi_camera.obj
 0001:0000d4f0       ?setInputScale@invokeinterpreter@@QEAAXPEAM@Z 000000018000e4f0 f i c9_rpi_camera.obj
 0001:0000d5a0       ?setInputStdDeviation@invokeinterpreter@@QEAAXM@Z 000000018000e5a0 f i c9_rpi_camera.obj
 0001:0000d5c0       ?setInputZeroPoint@invokeinterpreter@@QEAAXPEAM@Z 000000018000e5c0 f i c9_rpi_camera.obj
 0001:0000d670       ?setNumThreads@invokeinterpreter@@QEAAXH@Z 000000018000e670 f i c9_rpi_camera.obj
 0001:0000d710       ?setOutputScale@invokeinterpreter@@QEAAXPEAM@Z 000000018000e710 f i c9_rpi_camera.obj
 0001:0000d7c0       ?setOutputZeroPoint@invokeinterpreter@@QEAAXPEAM@Z 000000018000e7c0 f i c9_rpi_camera.obj
 0001:0000d870       ?setProfiling@invokeinterpreter@@QEAAX_N@Z 000000018000e870 f i c9_rpi_camera.obj
 0001:0000d890       ?setSkipInputQuantization@invokeinterpreter@@QEAAX_N@Z 000000018000e890 f i c9_rpi_camera.obj
 0001:0000d8b0       ?setSkipNormalization@invokeinterpreter@@QEAAX_N@Z 000000018000e8b0 f i c9_rpi_camera.obj
 0001:0000d8d0       ?setSkipOutputDequantization@invokeinterpreter@@QEAAX_N@Z 000000018000e8d0 f i c9_rpi_camera.obj
 0001:0000d8f0       ?setVerbose@invokeinterpreter@@QEAAX_N@Z 000000018000e8f0 f i c9_rpi_camera.obj
 0001:0000d910       ?what@exception@std@@UEBAPEBDXZ 000000018000e910 f i c9_rpi_camera.obj
 0001:0000d950       __local_stdio_printf_options 000000018000e950 f i c9_rpi_camera.obj
 0001:0000d960       _vfprintf_l                000000018000e960 f i c9_rpi_camera.obj
 0001:0000d9b0       fprintf                    000000018000e9b0 f i c9_rpi_camera.obj
 0001:0000da00       vsnprintf                  000000018000ea00 f i c9_rpi_camera.obj
 0001:0000da80       mexFunction                000000018000ea80 f   rpi_camera_sfun_registry.obj
 0001:00010580       _ssSetInputPortDirectFeedThroughFcn 0000000180011580 f   rpi_camera_sfun_registry.obj
 0001:00010700       _ssSetRWorkValueFcn        0000000180011700 f   rpi_camera_sfun_registry.obj
 0001:00010780       _ssGetRWorkValueFcn        0000000180011780 f   rpi_camera_sfun_registry.obj
 0001:000107f0       _ssSetIWorkValueFcn        00000001800117f0 f   rpi_camera_sfun_registry.obj
 0001:00010870       _ssGetIWorkValueFcn        0000000180011870 f   rpi_camera_sfun_registry.obj
 0001:000108e0       _ssSetPWorkValueFcn        00000001800118e0 f   rpi_camera_sfun_registry.obj
 0001:00010960       _ssGetPWorkValueFcn        0000000180011960 f   rpi_camera_sfun_registry.obj
 0001:000109d0       _ssGetInputPortSignalFcn   00000001800119d0 f   rpi_camera_sfun_registry.obj
 0001:00010d80       _ssGetInputPortBufferDstPortFcn 0000000180011d80 f   rpi_camera_sfun_registry.obj
 0001:00010e00       _ssGetInputPortSignalPtrsFcn 0000000180011e00 f   rpi_camera_sfun_registry.obj
 0001:000111b0       ssGetParameterTuningCompliance 00000001800121b0 f   rpi_camera_sfun_registry.obj
 0001:00011220       _ssReadInputStringFcn      0000000180012220 f   rpi_camera_sfun_registry.obj
 0001:000112a0       ssGetDTypeIdFromMxArray    00000001800122a0 f   rpi_camera_sfun_registry.obj
 0001:000113c0       ssWriteRTWMx2dMatParam     00000001800123c0 f   rpi_camera_sfun_registry.obj
 0001:00011450       ssWriteRTWMxVectParam      0000000180012450 f   rpi_camera_sfun_registry.obj
 0001:000114d0       ssWriteRTWParameters       00000001800124d0 f   rpi_camera_sfun_registry.obj
 0001:00011fd0       ssWriteRTWParamSettings    0000000180012fd0 f   rpi_camera_sfun_registry.obj
 0001:00012d10       ssWriteRTWStr              0000000180013d10 f   rpi_camera_sfun_registry.obj
 0001:00012d70       ssWriteRTWWorkVect         0000000180013d70 f   rpi_camera_sfun_registry.obj
 0001:00013380       ssWarning                  0000000180014380 f   rpi_camera_sfun_registry.obj
 0001:000134d0       ssGetRootSS                00000001800144d0 f   rpi_camera_sfun_registry.obj
 0001:00013590       ssGetParentSS              0000000180014590 f   rpi_camera_sfun_registry.obj
 0001:00013650       ssWriteRTWNameValuePair    0000000180014650 f   rpi_camera_sfun_registry.obj
 0001:00013dd0       _ssSetInputPortMatrixDimensions 0000000180014dd0 f   rpi_camera_sfun_registry.obj
 0001:00013f20       _ssSetOutputPortMatrixDimensions 0000000180014f20 f   rpi_camera_sfun_registry.obj
 0001:00014070       _ssSetInputPortVectorDimension 0000000180015070 f   rpi_camera_sfun_registry.obj
 0001:00014120       _ssSetOutputPortVectorDimension 0000000180015120 f   rpi_camera_sfun_registry.obj
 0001:000141d0       ssIsRunTimeParamTunable    00000001800151d0 f   rpi_camera_sfun_registry.obj
 0001:00014250       ssGetSFuncBlockHandle      0000000180015250 f   rpi_camera_sfun_registry.obj
 0001:000142d0       _ssGetCallSystemNumFcnCallDestinations 00000001800152d0 f   rpi_camera_sfun_registry.obj
 0001:00014350       _ssGetCurrentInputPortWidth 0000000180015350 f   rpi_camera_sfun_registry.obj
 0001:00014490       _ssGetCurrentOutputPortWidth 0000000180015490 f   rpi_camera_sfun_registry.obj
 0001:000145d0       ssGetIsZeroCrossControlDisabled 00000001800155d0 f   rpi_camera_sfun_registry.obj
 0001:00014640       ssSetIsInputPortUsedForContZcSignal 0000000180015640 f   rpi_camera_sfun_registry.obj
 0001:000146c0       ssSetZcSignalIsZcElementDisc 00000001800156c0 f   rpi_camera_sfun_registry.obj
 0001:00014770       ssSetZcSignalName          0000000180015770 f   rpi_camera_sfun_registry.obj
 0001:000147f0       ssSetZcSignalWidth         00000001800157f0 f   rpi_camera_sfun_registry.obj
 0001:00014870       ssSetZcSignalZcEventType   0000000180015870 f   rpi_camera_sfun_registry.obj
 0001:000148f0       ssSetZcSignalType          00000001800158f0 f   rpi_camera_sfun_registry.obj
 0001:00014970       ssSetZcSignalZcTol         0000000180015970 f   rpi_camera_sfun_registry.obj
 0001:000149f0       ssSetZcSignalNeedsEventNotification 00000001800159f0 f   rpi_camera_sfun_registry.obj
 0001:00014a70       ssCreateAndAddZcSignalInfo 0000000180015a70 f   rpi_camera_sfun_registry.obj
 0001:00014af0       ssCloneAndAddZcSignalInfo  0000000180015af0 f   rpi_camera_sfun_registry.obj
 0001:00014b70       ssGetNumZcSignals          0000000180015b70 f   rpi_camera_sfun_registry.obj
 0001:00014bf0       ssGetZcSignalVector        0000000180015bf0 f   rpi_camera_sfun_registry.obj
 0001:00014c70       ssGetZcSignalName          0000000180015c70 f   rpi_camera_sfun_registry.obj
 0001:00014cf0       ssGetZcSignalWidth         0000000180015cf0 f   rpi_camera_sfun_registry.obj
 0001:00014d70       ssGetZcSignalZcEventType   0000000180015d70 f   rpi_camera_sfun_registry.obj
 0001:00014df0       ssGetZcSignalZcEvents      0000000180015df0 f   rpi_camera_sfun_registry.obj
 0001:00014e70       ssGetZcSignalType          0000000180015e70 f   rpi_camera_sfun_registry.obj
 0001:00014ef0       ssGetZcSignalZcTol         0000000180015ef0 f   rpi_camera_sfun_registry.obj
 0001:00014f70       ssGetZcSignalNeedsEventNotification 0000000180015f70 f   rpi_camera_sfun_registry.obj
 0001:00014ff0       ssGetZcSignalIsZcElementDisc 0000000180015ff0 f   rpi_camera_sfun_registry.obj
 0001:000150a0       ssGetIsInputPortElementContinuous 00000001800160a0 f   rpi_camera_sfun_registry.obj
 0001:00015150       _ssGetAbsTol               0000000180016150 f   rpi_camera_sfun_registry.obj
 0001:000151c0       _ssSetStateAbsTol          00000001800161c0 f   rpi_camera_sfun_registry.obj
 0001:000152a0       _ssSetInputPortReusableFcn 00000001800162a0 f   rpi_camera_sfun_registry.obj
 0001:000153b0       _ssSetOutputPortReusableFcn 00000001800163b0 f   rpi_camera_sfun_registry.obj
 0001:000154c0       _ssSetSymbolicDimsSupport  00000001800164c0 f   rpi_camera_sfun_registry.obj
 0001:00015530       _ssRegisterSymbolicDimsExpr 0000000180016530 f   rpi_camera_sfun_registry.obj
 0001:000155c0       _ssRegisterSymbolicDimsMATLABExpr 00000001800165c0 f   rpi_camera_sfun_registry.obj
 0001:00015660       _ssRegisterSymbolicDims    0000000180016660 f   rpi_camera_sfun_registry.obj
 0001:00015710       _ssRegisterSymbolicDimsString 0000000180016710 f   rpi_camera_sfun_registry.obj
 0001:000157a0       _ssRegisterSymbolicDimsIntValue 00000001800167a0 f   rpi_camera_sfun_registry.obj
 0001:00015820       _ssRegisterSymbolicEqualRelation 0000000180016820 f   rpi_camera_sfun_registry.obj
 0001:000158a0       _ssRegisterSymbolicEqualValue 00000001800168a0 f   rpi_camera_sfun_registry.obj
 0001:00015920       _ssAmendLeadingSymbolicDims 0000000180016920 f   rpi_camera_sfun_registry.obj
 0001:000159a0       _ssAmendTrailingSymbolicDims 00000001800169a0 f   rpi_camera_sfun_registry.obj
 0001:00015a20       _ssRegisterSymbolicDimsPlus 0000000180016a20 f   rpi_camera_sfun_registry.obj
 0001:00015aa0       _ssRegisterSymbolicDimsMinus 0000000180016aa0 f   rpi_camera_sfun_registry.obj
 0001:00015b20       _ssRegisterSymbolicDimsMultiply 0000000180016b20 f   rpi_camera_sfun_registry.obj
 0001:00015ba0       _ssRegisterSymbolicDimsDivide 0000000180016ba0 f   rpi_camera_sfun_registry.obj
 0001:00015c20       _ssGetNumSymbolicDims      0000000180016c20 f   rpi_camera_sfun_registry.obj
 0001:00015ca0       _ssGetSymbolicDim          0000000180016ca0 f   rpi_camera_sfun_registry.obj
 0001:00015d20       _ssSetInputPortSymbolicDimsId 0000000180016d20 f   rpi_camera_sfun_registry.obj
 0001:00015da0       _ssGetCompInputPortSymbolicDimsId 0000000180016da0 f   rpi_camera_sfun_registry.obj
 0001:00015e20       _ssSetCompInputPortSymbolicDimsId 0000000180016e20 f   rpi_camera_sfun_registry.obj
 0001:00015ea0       _ssSetOutputPortSymbolicDimsId 0000000180016ea0 f   rpi_camera_sfun_registry.obj
 0001:00015f20       _ssGetCompOutputPortSymbolicDimsId 0000000180016f20 f   rpi_camera_sfun_registry.obj
 0001:00015fa0       _ssSetCompOutputPortSymbolicDimsId 0000000180016fa0 f   rpi_camera_sfun_registry.obj
 0001:00016020       _ssGetDWorkSymbolicDimsId  0000000180017020 f   rpi_camera_sfun_registry.obj
 0001:000160a0       _ssSetDWorkSymbolicDimsId  00000001800170a0 f   rpi_camera_sfun_registry.obj
 0001:00016120       _ssGetCompDWorkSymbolicDimsId 0000000180017120 f   rpi_camera_sfun_registry.obj
 0001:000161a0       _ssSetCompDWorkSymbolicDimsId 00000001800171a0 f   rpi_camera_sfun_registry.obj
 0001:00016220       _ssCreateSLCGStringBuffer  0000000180017220 f   rpi_camera_sfun_registry.obj
 0001:000162a0       _ssAddToSLCGStringBuffer   00000001800172a0 f   rpi_camera_sfun_registry.obj
 0001:00016320       _ssGetPointerContainedData 0000000180017320 f   rpi_camera_sfun_registry.obj
 0001:000163c0       _ssGetPointerContainedDataWidth 00000001800173c0 f   rpi_camera_sfun_registry.obj
 0001:00016460       _ssRegisterDynamicArrayDataTypeFcn 0000000180017460 f   rpi_camera_sfun_registry.obj
 0001:00016510       _ssGetDynamicArrayContainedDataCurrentWidthFcn 0000000180017510 f   rpi_camera_sfun_registry.obj
 0001:000165e0       _ssGetDynamicArrayContainedDataFcn 00000001800175e0 f   rpi_camera_sfun_registry.obj
 0001:000166b0       _ssGetInputPortDynamicArrayDataFcn 00000001800176b0 f   rpi_camera_sfun_registry.obj
 0001:00016780       _ssGetOutputPortDynamicArrayDataFcn 0000000180017780 f   rpi_camera_sfun_registry.obj
 0001:00016850       _ssGetInputPortDynamicArrayContainedDataFcn 0000000180017850 f   rpi_camera_sfun_registry.obj
 0001:00016920       _ssGetOutputPortDynamicArrayContainedDataFcn 0000000180017920 f   rpi_camera_sfun_registry.obj
 0001:000169f0       _ssGetDynamicArrayDWorkContainedDataFcn 00000001800179f0 f   rpi_camera_sfun_registry.obj
 0001:00016ac0       ?sf_process_check_sum_call@@YAIHQEAPEAUmxArray_tag@@HQEAPEBU1@@Z 0000000180017ac0 f   rpi_camera_sfun_registry.obj
 0001:00016b10       ?sf_process_get_third_party_uses_info_call@@YAIHQEAPEAUmxArray_tag@@HQEAPEBU1@@Z 0000000180017b10 f   rpi_camera_sfun_registry.obj
 0001:00016d40       ?sf_process_get_jit_fallback_info_call@@YAIHQEAPEAUmxArray_tag@@HQEAPEBU1@@Z 0000000180017d40 f   rpi_camera_sfun_registry.obj
 0001:00016f70       ?sf_process_get_post_codegen_info_call@@YAIHQEAPEAUmxArray_tag@@HQEAPEBU1@@Z 0000000180017f70 f   rpi_camera_sfun_registry.obj
 0001:000171a0       ?sf_process_get_updateBuildInfo_args_info_call@@YAIHQEAPEAUmxArray_tag@@HQEAPEBU1@@Z 00000001800181a0 f   rpi_camera_sfun_registry.obj
 0001:000173d0       ?sf_process_get_eml_resolved_functions_info_call@@YAIHQEAPEAUmxArray_tag@@HQEAPEBU1@@Z 00000001800183d0 f   rpi_camera_sfun_registry.obj
 0001:00017600       ?sf_mex_unlock_call@@YAIHQEAPEAUmxArray_tag@@HQEAPEBU1@@Z 0000000180018600 f   rpi_camera_sfun_registry.obj
 0001:00017820       ?sf_machine_global_initializer_called@@YAIXZ 0000000180018820 f   rpi_camera_sfun_registry.obj
 0001:00017850       sf_machine_global_method_dispatcher 0000000180018850 f   rpi_camera_sfun_registry.obj
 0001:000178b0       sf_machine_global_terminator 00000001800188b0 f   rpi_camera_sfun_registry.obj
 0001:000178e0       callCustomFcn              00000001800188e0 f   rpi_camera_sfun_registry.obj
 0001:000178f0       sf_machine_global_initializer 00000001800188f0 f   rpi_camera_sfun_registry.obj
 0001:00017920       ?mdlGetSimState@@YAPEAUmxArray_tag@@PEAUSimStruct_tag@@@Z 0000000180018920 f   rpi_camera_sfun_registry.obj
 0001:00017960       ?mdlSetSimState@@YAXPEAUSimStruct_tag@@PEBUmxArray_tag@@@Z 0000000180018960 f   rpi_camera_sfun_registry.obj
 0001:00018400       ?ProcessMexSfunctionEveryCall@@YAIHQEAPEAUmxArray_tag@@HQEAPEBU1@@Z 0000000180019400 f   rpi_camera_sfun_registry.obj
 0001:000195c0       snprintf                   000000018001a5c0 f i rpi_camera_sfun_registry.obj
 0001:00019620       mexfilerequiredapiversion  000000018001a620 f   c_mexapi_version.obj
 0001:00019650       ?getBitfieldFromFloat@@YAIM@Z 000000018001a650 f   half_type.obj
 0001:00019680       ?getFloatFromBitfield@@YAMI@Z 000000018001a680 f   half_type.obj
 0001:000196b0       ??0real16_T@@QEAA@M@Z      000000018001a6b0 f   half_type.obj
 0001:00019900       ??0real16_T@@QEAA@N@Z      000000018001a900 f   half_type.obj
 0001:00019c00       ??Breal16_T@@QEBAMXZ       000000018001ac00 f   half_type.obj
 0001:00019d90       ??Breal16_T@@QEBANXZ       000000018001ad90 f   half_type.obj
 0001:00019dc0       ??Hreal16_T@@QEBA?AV0@V0@@Z 000000018001adc0 f   half_type.obj
 0001:00019e20       ??Greal16_T@@QEBA?AV0@V0@@Z 000000018001ae20 f   half_type.obj
 0001:00019e80       ??Dreal16_T@@QEBA?AV0@V0@@Z 000000018001ae80 f   half_type.obj
 0001:00019ee0       ??Kreal16_T@@QEBA?AV0@V0@@Z 000000018001aee0 f   half_type.obj
 0001:00019f40       ??Hreal16_T@@QEBA?AV0@XZ   000000018001af40 f   half_type.obj
 0001:00019f70       ??Greal16_T@@QEBA?AV0@XZ   000000018001af70 f   half_type.obj
 0001:00019fb0       ??Ereal16_T@@QEAAAEAV0@XZ  000000018001afb0 f   half_type.obj
 0001:0001a000       ??Ereal16_T@@QEAA?AV0@H@Z  000000018001b000 f   half_type.obj
 0001:0001a070       ??Freal16_T@@QEAAAEAV0@XZ  000000018001b070 f   half_type.obj
 0001:0001a0c0       ??Freal16_T@@QEAA?AV0@H@Z  000000018001b0c0 f   half_type.obj
 0001:0001a130       ??8real16_T@@QEBAEV0@@Z    000000018001b130 f   half_type.obj
 0001:0001a190       ??9real16_T@@QEBAEV0@@Z    000000018001b190 f   half_type.obj
 0001:0001a1f0       ??Preal16_T@@QEBAEV0@@Z    000000018001b1f0 f   half_type.obj
 0001:0001a240       ??Oreal16_T@@QEBAEV0@@Z    000000018001b240 f   half_type.obj
 0001:0001a290       ??Nreal16_T@@QEBAEV0@@Z    000000018001b290 f   half_type.obj
 0001:0001a2e0       ??Mreal16_T@@QEBAEV0@@Z    000000018001b2e0 f   half_type.obj
 0001:0001a330       ??4real16_T@@QEAAAEAV0@AEBV0@@Z 000000018001b330 f   half_type.obj
 0001:0001a360       ??4real16_T@@QECAXAEDV0@@Z 000000018001b360 f   half_type.obj
 0001:0001a390       ??4real16_T@@QECAXAEBV0@@Z 000000018001b390 f   half_type.obj
 0001:0001a3c0       ??Yreal16_T@@QEAAAEAV0@V0@@Z 000000018001b3c0 f   half_type.obj
 0001:0001a420       ??Zreal16_T@@QEAAAEAV0@V0@@Z 000000018001b420 f   half_type.obj
 0001:0001a480       ??Xreal16_T@@QEAAAEAV0@V0@@Z 000000018001b480 f   half_type.obj
 0001:0001a4e0       ??_0real16_T@@QEAAAEAV0@V0@@Z 000000018001b4e0 f   half_type.obj
 0001:0001a540       ?getBitfieldFromHalf@@YAGVreal16_T@@@Z 000000018001b540 f   half_type.obj
 0001:0001a560       ?getHalfFromBitfield@@YA?AVreal16_T@@G@Z 000000018001b560 f   half_type.obj
 0001:0001a5a0       ?halfToFloat@@YAMVreal16_T@@@Z 000000018001b5a0 f   half_type.obj
 0001:0001a5c0       ?halfToDouble@@YANVreal16_T@@@Z 000000018001b5c0 f   half_type.obj
 0001:0001a5e0       ?floatToHalf@@YA?AVreal16_T@@M@Z 000000018001b5e0 f   half_type.obj
 0001:0001a610       ?doubleToHalf@@YA?AVreal16_T@@N@Z 000000018001b610 f   half_type.obj
 0001:0001a640       ?getBitPattern@real16_T@@QEBAGXZ 000000018001b640 f i half_type.obj
 0001:0001a650       ?setBitPattern@real16_T@@QEAAXG@Z 000000018001b650 f i half_type.obj
 0001:0001a668       ??1Interpreter@impl@tflite@@QEAA@XZ 000000018001b668 f   tensorflowlite:tensorflowlite.dll
 0001:0001a66e       ??1FlatBufferModel@impl@tflite@@QEAA@XZ 000000018001b66e f   tensorflowlite:tensorflowlite.dll
 0001:0001a674       ?setup@invokeinterpreter@@QEAAXPEBDH@Z 000000018001b674 f   invokeinterpreter:invokeinterpreter.dll
 0001:0001a67a       ?predict@invokeinterpreter@@QEAAXPEBMHPEAM@Z 000000018001b67a f   invokeinterpreter:invokeinterpreter.dll
 0001:0001a680       sf_load_rtw_optimization_info 000000018001b680 f   sf_runtime:sf_runtime.dll
 0001:0001a686       sf_mex_decode              000000018001b686 f   sf_runtime:sf_runtime.dll
 0001:0001a68c       sf_init_ChartRunTimeInfo   000000018001b68c f   sf_runtime:sf_runtime.dll
 0001:0001a692       sf_free_ChartRunTimeInfo   000000018001b692 f   sf_runtime:sf_runtime.dll
 0001:0001a698       sf_reset_warnings_ChartRunTimeInfo 000000018001b698 f   sf_runtime:sf_runtime.dll
 0001:0001a69e       sfrtGetEmlrtCtx            000000018001b69e f   sf_runtime:sf_runtime.dll
 0001:0001a6a4       sfrtGetCovrtInstance       000000018001b6a4 f   sf_runtime:sf_runtime.dll
 0001:0001a6aa       sf_get_chart_instance_ptr  000000018001b6aa f   sf_runtime:sf_runtime.dll
 0001:0001a6b0       sfSetAnimationVectors      000000018001b6b0 f   sf_runtime:sf_runtime.dll
 0001:0001a6b6       sim_mode_is_rtw_gen        000000018001b6b6 f   sf_runtime:sf_runtime.dll
 0001:0001a6bc       sim_mode_is_external       000000018001b6bc f   sf_runtime:sf_runtime.dll
 0001:0001a6c2       sf_clear_rtw_identifier    000000018001b6c2 f   sf_runtime:sf_runtime.dll
 0001:0001a6c8       sf_get_time                000000018001b6c8 f   sf_runtime:sf_runtime.dll
 0001:0001a6ce       sf_set_work_widths         000000018001b6ce f   sf_runtime:sf_runtime.dll
 0001:0001a6d4       sf_error_out_about_continuous_sample_time_with_persistent_vars 000000018001b6d4 f   sf_runtime:sf_runtime.dll
 0001:0001a6da       sfHasContStates            000000018001b6da f   sf_runtime:sf_runtime.dll
 0001:0001a6e0       supportsLegacyBehaviorForPersistentVarInContinuousTime 000000018001b6e0 f   sf_runtime:sf_runtime.dll
 0001:0001a6e6       mdlProcessParamsCommon     000000018001b6e6 f   sf_runtime:sf_runtime.dll
 0001:0001a6ec       sf_mex_error_message       000000018001b6ec f   sf_runtime:sf_runtime.dll
 0001:0001a6f2       sf_mex_check_cell          000000018001b6f2 f   sf_runtime:sf_runtime.dll
 0001:0001a6f8       sf_mex_create              000000018001b6f8 f   sf_runtime:sf_runtime.dll
 0001:0001a6fe       sf_mex_createcellarray     000000018001b6fe f   sf_runtime:sf_runtime.dll
 0001:0001a704       sf_mex_createcellmatrix    000000018001b704 f   sf_runtime:sf_runtime.dll
 0001:0001a70a       sf_mex_setcell             000000018001b70a f   sf_runtime:sf_runtime.dll
 0001:0001a710       sf_mex_getcell             000000018001b710 f   sf_runtime:sf_runtime.dll
 0001:0001a716       sf_mex_assign              000000018001b716 f   sf_runtime:sf_runtime.dll
 0001:0001a71c       sf_mex_dup                 000000018001b71c f   sf_runtime:sf_runtime.dll
 0001:0001a722       sf_mex_destroy             000000018001b722 f   sf_runtime:sf_runtime.dll
 0001:0001a728       sf_mex_import              000000018001b728 f   sf_runtime:sf_runtime.dll
 0001:0001a72e       sf_mex_import_vs           000000018001b72e f   sf_runtime:sf_runtime.dll
 0001:0001a734       sf_mex_get_dimension       000000018001b734 f   sf_runtime:sf_runtime.dll
 0001:0001a73a       ssGetInputPortSignal_wrapper 000000018001b73a f   sf_runtime:sf_runtime.dll
 0001:0001a740       ssGetOutputPortSignal_wrapper 000000018001b740 f   sf_runtime:sf_runtime.dll
 0001:0001a746       sf_get_ChartInfoStruct_CodeGen 000000018001b746 f   sf_runtime:sf_runtime.dll
 0001:0001a74c       sf_get_hasSeparateUpdateOutputs 000000018001b74c f   sf_runtime:sf_runtime.dll
 0001:0001a752       callMdlMethodAndReportError 000000018001b752 f   sf_runtime:sf_runtime.dll
 0001:0001a758       call_sf_machine_global_method_dispatcher 000000018001b758 f   sf_runtime:sf_runtime.dll
 0001:0001a75e       getRuntimeInstanceInfoAsVoid 000000018001b75e f   sf_runtime:sf_runtime.dll
 0001:0001a764       sf_mex_error_direct_call   000000018001b764 f   sf_runtime:sf_runtime.dll
 0001:0001a76a       sf_clear_error_manager_info 000000018001b76a f   sf_runtime:sf_runtime.dll
 0001:0001a770       mxIsChar_800               000000018001b770 f   libmx:libmx.dll
 0001:0001a776       mxGetScalar_800            000000018001b776 f   libmx:libmx.dll
 0001:0001a77c       mxGetPr_800                000000018001b77c f   libmx:libmx.dll
 0001:0001a782       mxDestroyArray_800         000000018001b782 f   libmx:libmx.dll
 0001:0001a788       mxCreateDoubleMatrix_800   000000018001b788 f   libmx:libmx.dll
 0001:0001a78e       mxGetString_800            000000018001b78e f   libmx:libmx.dll
 0001:0001a794       mxDuplicateArray_800       000000018001b794 f   libmx:libmx.dll
 0001:0001a79a       mxIsEmpty_800              000000018001b79a f   libmx:libmx.dll
 0001:0001a7a0       mxSetCell_800              000000018001b7a0 f   libmx:libmx.dll
 0001:0001a7a6       mxSetField_800             000000018001b7a6 f   libmx:libmx.dll
 0001:0001a7ac       mxCreateString_800         000000018001b7ac f   libmx:libmx.dll
 0001:0001a7b2       mxCreateCellMatrix_800     000000018001b7b2 f   libmx:libmx.dll
 0001:0001a7b8       mxCreateStructMatrix_800   000000018001b7b8 f   libmx:libmx.dll
 0001:0001a7be       mxCalloc_800               000000018001b7be f   libmx:libmx.dll
 0001:0001a7c4       mxGetM_800                 000000018001b7c4 f   libmx:libmx.dll
 0001:0001a7ca       mxGetClassID_800           000000018001b7ca f   libmx:libmx.dll
 0001:0001a7d0       mxIsNumeric_800            000000018001b7d0 f   libmx:libmx.dll
 0001:0001a7d6       mxIsComplex_800            000000018001b7d6 f   libmx:libmx.dll
 0001:0001a7dc       mxGetN_800                 000000018001b7dc f   libmx:libmx.dll
 0001:0001a7e2       mxCreateDoubleScalar_800   000000018001b7e2 f   libmx:libmx.dll
 0001:0001a7e8       mexMakeArrayPersistent_800 000000018001b7e8 f   libmex:libmex.dll
 0001:0001a7ee       mexErrMsgTxt_800           000000018001b7ee f   libmex:libmex.dll
 0001:0001a7f4       mexWarnMsgTxt_800          000000018001b7f4 f   libmex:libmex.dll
 0001:0001a7fa       mexCallMATLAB_800          000000018001b7fa f   libmex:libmex.dll
 0001:0001a800       mexLock_800                000000018001b800 f   libmex:libmex.dll
 0001:0001a806       mexUnlock_800              000000018001b806 f   libmex:libmex.dll
 0001:0001a80c       mexIsLocked_800            000000018001b80c f   libmex:libmex.dll
 0001:0001a812       utMalloc                   000000018001b812 f   libut:libut.dll
 0001:0001a818       utFree                     000000018001b818 f   libut:libut.dll
 0001:0001a81e       muDoubleScalarFloor        000000018001b81e f   libmwmathutil:libmwmathutil.dll
 0001:0001a824       muSingleScalarIsNaN        000000018001b824 f   libmwmathutil:libmwmathutil.dll
 0001:0001a82a       emlrtMexSnprintf           000000018001b82a f   libemlrt:libemlrt.dll
 0001:0001a830       emlrtDynamicBoundsCheckR2012b 000000018001b830 f   libemlrt:libemlrt.dll
 0001:0001a836       emlrtIntegerCheckR2012b    000000018001b836 f   libemlrt:libemlrt.dll
 0001:0001a83c       emlrtNameCaptureMxArrayR2016a 000000018001b83c f   libemlrt:libemlrt.dll
 0001:0001a842       emlrtSubAssignSizeCheck1dR2017a 000000018001b842 f   libemlrt:libemlrt.dll
 0001:0001a848       covrtCreateStateflowInstanceData 000000018001b848 f   libcovrt:libcovrt.dll
 0001:0001a84e       covrtDeleteStateflowInstanceData 000000018001b84e f   libcovrt:libcovrt.dll
 0001:0001a854       covrtTransInitFcn          000000018001b854 f   libcovrt:libcovrt.dll
 0001:0001a85a       covrtStateInitFcn          000000018001b85a f   libcovrt:libcovrt.dll
 0001:0001a860       covrtChartInitFcn          000000018001b860 f   libcovrt:libcovrt.dll
 0001:0001a866       covrtRelationalopUpdateFcn 000000018001b866 f   libcovrt:libcovrt.dll
 0001:0001a86c       covrtSigUpdateFcn          000000018001b86c f   libcovrt:libcovrt.dll
 0001:0001a872       covrtEmlInitFcn            000000018001b872 f   libcovrt:libcovrt.dll
 0001:0001a878       covrtEmlFcnInitFcn         000000018001b878 f   libcovrt:libcovrt.dll
 0001:0001a87e       covrtEmlIfInitFcn          000000018001b87e f   libcovrt:libcovrt.dll
 0001:0001a884       covrtEmlMCDCInitFcn        000000018001b884 f   libcovrt:libcovrt.dll
 0001:0001a88a       covrtEmlRelationalInitFcn  000000018001b88a f   libcovrt:libcovrt.dll
 0001:0001a890       covrtEmlFcnEval            000000018001b890 f   libcovrt:libcovrt.dll
 0001:0001a896       covrtEmlIfEval             000000018001b896 f   libcovrt:libcovrt.dll
 0001:0001a89c       covrtEmlCondEval           000000018001b89c f   libcovrt:libcovrt.dll
 0001:0001a8a2       covrtEmlMcdcEval           000000018001b8a2 f   libcovrt:libcovrt.dll
 0001:0001a8a8       ?uncaught_exception@std@@YA_NXZ 000000018001b8a8 f   msvcprt:MSVCP140.dll
 0001:0001a8ae       ?_Xlength_error@std@@YAXPEBD@Z 000000018001b8ae f   msvcprt:MSVCP140.dll
 0001:0001a8b4       ?good@ios_base@std@@QEBA_NXZ 000000018001b8b4 f   msvcprt:MSVCP140.dll
 0001:0001a8ba       ?flags@ios_base@std@@QEBAHXZ 000000018001b8ba f   msvcprt:MSVCP140.dll
 0001:0001a8c0       ?width@ios_base@std@@QEBA_JXZ 000000018001b8c0 f   msvcprt:MSVCP140.dll
 0001:0001a8c6       ?width@ios_base@std@@QEAA_J_J@Z 000000018001b8c6 f   msvcprt:MSVCP140.dll
 0001:0001a8cc       ?sputc@?$basic_streambuf@DU?$char_traits@D@std@@@std@@QEAAHD@Z 000000018001b8cc f   msvcprt:MSVCP140.dll
 0001:0001a8d2       ?sputn@?$basic_streambuf@DU?$char_traits@D@std@@@std@@QEAA_JPEBD_J@Z 000000018001b8d2 f   msvcprt:MSVCP140.dll
 0001:0001a8d8       ?setstate@?$basic_ios@DU?$char_traits@D@std@@@std@@QEAAXH_N@Z 000000018001b8d8 f   msvcprt:MSVCP140.dll
 0001:0001a8de       ?tie@?$basic_ios@DU?$char_traits@D@std@@@std@@QEBAPEAV?$basic_ostream@DU?$char_traits@D@std@@@2@XZ 000000018001b8de f   msvcprt:MSVCP140.dll
 0001:0001a8e4       ?rdbuf@?$basic_ios@DU?$char_traits@D@std@@@std@@QEBAPEAV?$basic_streambuf@DU?$char_traits@D@std@@@2@XZ 000000018001b8e4 f   msvcprt:MSVCP140.dll
 0001:0001a8ea       ?fill@?$basic_ios@DU?$char_traits@D@std@@@std@@QEBADXZ 000000018001b8ea f   msvcprt:MSVCP140.dll
 0001:0001a8f0       ?widen@?$basic_ios@DU?$char_traits@D@std@@@std@@QEBADD@Z 000000018001b8f0 f   msvcprt:MSVCP140.dll
 0001:0001a8f6       ?_Osfx@?$basic_ostream@DU?$char_traits@D@std@@@std@@QEAAXXZ 000000018001b8f6 f   msvcprt:MSVCP140.dll
 0001:0001a8fc       ??6?$basic_ostream@DU?$char_traits@D@std@@@std@@QEAAAEAV01@P6AAEAV01@AEAV01@@Z@Z 000000018001b8fc f   msvcprt:MSVCP140.dll
 0001:0001a902       ?put@?$basic_ostream@DU?$char_traits@D@std@@@std@@QEAAAEAV12@D@Z 000000018001b902 f   msvcprt:MSVCP140.dll
 0001:0001a908       ?flush@?$basic_ostream@DU?$char_traits@D@std@@@std@@QEAAAEAV12@XZ 000000018001b908 f   msvcprt:MSVCP140.dll
 0001:0001a910       __raise_securityfailure    000000018001b910 f   MSVCRT:gs_report.obj
 0001:0001a944       __report_gsfailure         000000018001b944 f   MSVCRT:gs_report.obj
 0001:0001aa18       __report_rangecheckfailure 000000018001ba18 f   MSVCRT:gs_report.obj
 0001:0001aa2c       __report_securityfailure   000000018001ba2c f   MSVCRT:gs_report.obj
 0001:0001aac8       __report_securityfailureEx 000000018001bac8 f   MSVCRT:gs_report.obj
 0001:0001acbc       __GSHandlerCheck           000000018001bcbc f   MSVCRT:gshandler.obj
 0001:0001acdc       __GSHandlerCheckCommon     000000018001bcdc f   MSVCRT:gshandler.obj
 0001:0001ad50       __security_check_cookie    000000018001bd50 f   MSVCRT:amdsecgs.obj
 0001:0001ad70       ??2@YAPEAX_K@Z             000000018001bd70 f   MSVCRT:new_scalar.obj
 0001:0001adac       ??3@YAXPEAX_K@Z            000000018001bdac f   MSVCRT:delete_scalar_size.obj
 0001:0001adb4       __GSHandlerCheck_EH4       000000018001bdb4 f   MSVCRT:gshandlereh4.obj
 0001:0001ae50       __chkstk                   000000018001be50 f   MSVCRT:chkstk.obj
 0001:0001ae50       _alloca_probe              000000018001be50 f   MSVCRT:chkstk.obj
 0001:0001aea0       ??1type_info@@UEAA@XZ      000000018001bea0 f   MSVCRT:std_type_info_static.obj
 0001:0001aeac       ??_Gtype_info@@UEAAPEAXI@Z 000000018001beac f i MSVCRT:std_type_info_static.obj
 0001:0001aeac       ??_Etype_info@@UEAAPEAXI@Z 000000018001beac f i MSVCRT:std_type_info_static.obj
 0001:0001b214       _CRT_INIT                  000000018001c214 f   MSVCRT:dll_dllmain.obj
 0001:0001b21c       _DllMainCRTStartup         000000018001c21c f   MSVCRT:dll_dllmain.obj
 0001:0001b25c       ??0bad_alloc@std@@QEAA@XZ  000000018001c25c f i MSVCRT:throw_bad_alloc.obj
 0001:0001b27c       ?__scrt_throw_std_bad_alloc@@YAXXZ 000000018001c27c f   MSVCRT:throw_bad_alloc.obj
 0001:0001b29c       ?__scrt_throw_std_bad_array_new_length@@YAXXZ 000000018001c29c f   MSVCRT:throw_bad_alloc.obj
 0001:0001b2bc       ??3@YAXPEAX@Z              000000018001c2bc f   MSVCRT:delete_scalar.obj
 0001:0001b330       __security_init_cookie     000000018001c330 f   MSVCRT:gs_support.obj
 0001:0001b3dc       DllMain                    000000018001c3dc f   MSVCRT:dll_dllmain_stub.obj
 0001:0001b400       ?__scrt_initialize_type_info@@YAXXZ 000000018001c400 f   MSVCRT:tncleanup.obj
 0001:0001b410       ?__scrt_uninitialize_type_info@@YAXXZ 000000018001c410 f   MSVCRT:tncleanup.obj
 0001:0001b41c       __local_stdio_scanf_options 000000018001c41c f i MSVCRT:default_local_stdio_options.obj
 0001:0001b424       __scrt_initialize_default_local_stdio_options 000000018001c424 f   MSVCRT:default_local_stdio_options.obj
 0001:0001b440       ?configure_argv@__scrt_narrow_argv_policy@@SAHXZ 000000018001c440 f i MSVCRT:utility.obj
 0001:0001b4a0       ?initialize_environment@__scrt_narrow_environment_policy@@SAHXZ 000000018001c4a0 f i MSVCRT:utility.obj
 0001:0001b4d8       NtCurrentTeb               000000018001c4d8 f i MSVCRT:utility.obj
 0001:0001b4e4       __scrt_acquire_startup_lock 000000018001c4e4 f   MSVCRT:utility.obj
 0001:0001b520       __scrt_dllmain_after_initialize_c 000000018001c520 f   MSVCRT:utility.obj
 0001:0001b554       __scrt_dllmain_before_initialize_c 000000018001c554 f   MSVCRT:utility.obj
 0001:0001b56c       __scrt_dllmain_crt_thread_attach 000000018001c56c f   MSVCRT:utility.obj
 0001:0001b594       __scrt_dllmain_crt_thread_detach 000000018001c594 f   MSVCRT:utility.obj
 0001:0001b5ac       __scrt_dllmain_exception_filter 000000018001c5ac f   MSVCRT:utility.obj
 0001:0001b60c       __scrt_dllmain_uninitialize_c 000000018001c60c f   MSVCRT:utility.obj
 0001:0001b63c       __scrt_dllmain_uninitialize_critical 000000018001c63c f   MSVCRT:utility.obj
 0001:0001b650       __scrt_initialize_crt      000000018001c650 f   MSVCRT:utility.obj
 0001:0001b69c       __scrt_initialize_onexit_tables 000000018001c69c f   MSVCRT:utility.obj
 0001:0001b728       __scrt_is_nonwritable_in_current_image 000000018001c728 f   MSVCRT:utility.obj
 0001:0001b7c0       __scrt_release_startup_lock 000000018001c7c0 f   MSVCRT:utility.obj
 0001:0001b7e4       __scrt_uninitialize_crt    000000018001c7e4 f   MSVCRT:utility.obj
 0001:0001b810       _onexit                    000000018001c810 f   MSVCRT:utility.obj
 0001:0001b84c       at_quick_exit              000000018001c84c f   MSVCRT:utility.obj
 0001:0001b86c       atexit                     000000018001c86c f   MSVCRT:utility.obj
 0001:0001b884       __scrt_get_dyn_tls_init_callback 000000018001c884 f   MSVCRT:dyn_tls_init.obj
 0001:0001b88c       __crt_debugger_hook        000000018001c88c f   MSVCRT:utility_desktop.obj
 0001:0001b894       __scrt_fastfail            000000018001c894 f   MSVCRT:utility_desktop.obj
 0001:0001b9e0       __scrt_get_show_window_mode 000000018001c9e0 f   MSVCRT:utility_desktop.obj
 0001:0001ba1c       __scrt_initialize_mta      000000018001ca1c f   MSVCRT:utility_desktop.obj
 0001:0001ba24       __scrt_initialize_winrt    000000018001ca24 f   MSVCRT:utility_desktop.obj
 0001:0001ba28       __scrt_is_managed_app      000000018001ca28 f   MSVCRT:utility_desktop.obj
 0001:0001ba7c       __scrt_set_unhandled_exception_filter 000000018001ca7c f   MSVCRT:utility_desktop.obj
 0001:0001ba8c       __scrt_exe_initialize_mta  000000018001ca8c f   MSVCRT:utility_desktop.obj
 0001:0001ba8c       __scrt_stub_for_initialize_mta 000000018001ca8c f   MSVCRT:utility_desktop.obj
 0001:0001ba90       __scrt_unhandled_exception_filter 000000018001ca90 f   MSVCRT:utility_desktop.obj
 0001:0001baec       _RTC_Initialize            000000018001caec f   MSVCRT:initsect.obj
 0001:0001bb28       _RTC_Terminate             000000018001cb28 f   MSVCRT:initsect.obj
 0001:0001bb64       _guard_check_icall_nop     000000018001cb64 f i MSVCRT:guard_support.obj
 0001:0001bb68       ReadNoFence64              000000018001cb68 f i MSVCRT:guard_support.obj
 0001:0001bb6c       ReadPointerNoFence         000000018001cb6c f i MSVCRT:guard_support.obj
 0001:0001bb70       __castguard_check_failure_debugbreak 000000018001cb70 f i MSVCRT:guard_support.obj
 0001:0001bb8c       __castguard_check_failure_fastfail 000000018001cb8c f i MSVCRT:guard_support.obj
 0001:0001bbb0       __castguard_check_failure_nop 000000018001cbb0 f i MSVCRT:guard_support.obj
 0001:0001bbb4       __castguard_check_failure_os_handled 000000018001cbb4 f i MSVCRT:guard_support.obj
 0001:0001bc14       __castguard_slow_path_check_debugbreak 000000018001cc14 f i MSVCRT:guard_support.obj
 0001:0001bc48       __castguard_slow_path_check_fastfail 000000018001cc48 f i MSVCRT:guard_support.obj
 0001:0001bc84       __castguard_slow_path_check_nop 000000018001cc84 f i MSVCRT:guard_support.obj
 0001:0001bc88       __castguard_slow_path_check_os_handled 000000018001cc88 f i MSVCRT:guard_support.obj
 0001:0001bcfc       _guard_icall_checks_enforced 000000018001ccfc f i MSVCRT:guard_support.obj
 0001:0001bd14       _guard_rf_checks_enforced  000000018001cd14 f i MSVCRT:guard_support.obj
 0001:0001bd18       __isa_available_init       000000018001cd18 f   MSVCRT:cpu_disp.obj
 0001:0001bebc       _get_startup_argv_mode     000000018001cebc f   MSVCRT:argv_mode.obj
 0001:0001bec4       __scrt_is_ucrt_dll_in_use  000000018001cec4 f   MSVCRT:ucrt_detection.obj
 0001:0001bed0       RtlCaptureContext          000000018001ced0 f   kernel32:KERNEL32.dll
 0001:0001bed6       RtlLookupFunctionEntry     000000018001ced6 f   kernel32:KERNEL32.dll
 0001:0001bedc       RtlVirtualUnwind           000000018001cedc f   kernel32:KERNEL32.dll
 0001:0001bee2       UnhandledExceptionFilter   000000018001cee2 f   kernel32:KERNEL32.dll
 0001:0001bee8       SetUnhandledExceptionFilter 000000018001cee8 f   kernel32:KERNEL32.dll
 0001:0001beee       GetCurrentProcess          000000018001ceee f   kernel32:KERNEL32.dll
 0001:0001bef4       TerminateProcess           000000018001cef4 f   kernel32:KERNEL32.dll
 0001:0001befa       IsProcessorFeaturePresent  000000018001cefa f   kernel32:KERNEL32.dll
 0001:0001bf00       QueryPerformanceCounter    000000018001cf00 f   kernel32:KERNEL32.dll
 0001:0001bf06       GetCurrentProcessId        000000018001cf06 f   kernel32:KERNEL32.dll
 0001:0001bf0c       GetCurrentThreadId         000000018001cf0c f   kernel32:KERNEL32.dll
 0001:0001bf12       GetSystemTimeAsFileTime    000000018001cf12 f   kernel32:KERNEL32.dll
 0001:0001bf18       DisableThreadLibraryCalls  000000018001cf18 f   kernel32:KERNEL32.dll
 0001:0001bf1e       InitializeSListHead        000000018001cf1e f   kernel32:KERNEL32.dll
 0001:0001bf24       IsDebuggerPresent          000000018001cf24 f   kernel32:KERNEL32.dll
 0001:0001bf2a       GetStartupInfoW            000000018001cf2a f   kernel32:KERNEL32.dll
 0001:0001bf30       GetModuleHandleW           000000018001cf30 f   kernel32:KERNEL32.dll
 0001:0001bf36       _purecall                  000000018001cf36 f   vcruntime:VCRUNTIME140.dll
 0001:0001bf3c       memcpy                     000000018001cf3c f   vcruntime:VCRUNTIME140.dll
 0001:0001bf42       memmove                    000000018001cf42 f   vcruntime:VCRUNTIME140.dll
 0001:0001bf48       memset                     000000018001cf48 f   vcruntime:VCRUNTIME140.dll
 0001:0001bf4e       __std_exception_copy       000000018001cf4e f   vcruntime:VCRUNTIME140.dll
 0001:0001bf54       __std_exception_destroy    000000018001cf54 f   vcruntime:VCRUNTIME140.dll
 0001:0001bf5a       _CxxThrowException         000000018001cf5a f   vcruntime:VCRUNTIME140.dll
 0001:0001bf60       __CxxFrameHandler4         000000018001cf60 f   vcruntime:VCRUNTIME140_1.dll
 0001:0001bf66       __C_specific_handler       000000018001cf66 f   vcruntime:VCRUNTIME140.dll
 0001:0001bf6c       __std_type_info_destroy_list 000000018001cf6c f   vcruntime:VCRUNTIME140.dll
 0001:0001bf72       __current_exception        000000018001cf72 f   vcruntime:VCRUNTIME140.dll
 0001:0001bf78       __current_exception_context 000000018001cf78 f   vcruntime:VCRUNTIME140.dll
 0001:0001bf7e       strcmp                     000000018001cf7e f   ucrt:api-ms-win-crt-string-l1-1-0.dll
 0001:0001bf84       _invalid_parameter_noinfo_noreturn 000000018001cf84 f   ucrt:api-ms-win-crt-runtime-l1-1-0.dll
 0001:0001bf8a       __acrt_iob_func            000000018001cf8a f   ucrt:api-ms-win-crt-stdio-l1-1-0.dll
 0001:0001bf90       __stdio_common_vfprintf    000000018001cf90 f   ucrt:api-ms-win-crt-stdio-l1-1-0.dll
 0001:0001bf96       __stdio_common_vsprintf    000000018001cf96 f   ucrt:api-ms-win-crt-stdio-l1-1-0.dll
 0001:0001bf9c       strcat                     000000018001cf9c f   ucrt:api-ms-win-crt-string-l1-1-0.dll
 0001:0001bfa2       round                      000000018001cfa2 f   ucrt:api-ms-win-crt-math-l1-1-0.dll
 0001:0001bfa8       free                       000000018001cfa8 f   ucrt:api-ms-win-crt-heap-l1-1-0.dll
 0001:0001bfae       malloc                     000000018001cfae f   ucrt:api-ms-win-crt-heap-l1-1-0.dll
 0001:0001bfb4       strlen                     000000018001cfb4 f   ucrt:api-ms-win-crt-string-l1-1-0.dll
 0001:0001bfba       _callnewh                  000000018001cfba f   ucrt:api-ms-win-crt-heap-l1-1-0.dll
 0001:0001bfc0       _initterm                  000000018001cfc0 f   ucrt:api-ms-win-crt-runtime-l1-1-0.dll
 0001:0001bfc6       _initterm_e                000000018001cfc6 f   ucrt:api-ms-win-crt-runtime-l1-1-0.dll
 0001:0001bfcc       _seh_filter_dll            000000018001cfcc f   ucrt:api-ms-win-crt-runtime-l1-1-0.dll
 0001:0001bfd2       _configure_narrow_argv     000000018001cfd2 f   ucrt:api-ms-win-crt-runtime-l1-1-0.dll
 0001:0001bfd8       _initialize_narrow_environment 000000018001cfd8 f   ucrt:api-ms-win-crt-runtime-l1-1-0.dll
 0001:0001bfde       _initialize_onexit_table   000000018001cfde f   ucrt:api-ms-win-crt-runtime-l1-1-0.dll
 0001:0001bfe4       _register_onexit_function  000000018001cfe4 f   ucrt:api-ms-win-crt-runtime-l1-1-0.dll
 0001:0001bfea       _execute_onexit_table      000000018001cfea f   ucrt:api-ms-win-crt-runtime-l1-1-0.dll
 0001:0001bff0       _crt_atexit                000000018001cff0 f   ucrt:api-ms-win-crt-runtime-l1-1-0.dll
 0001:0001bff6       _crt_at_quick_exit         000000018001cff6 f   ucrt:api-ms-win-crt-runtime-l1-1-0.dll
 0001:0001bffc       _cexit                     000000018001cffc f   ucrt:api-ms-win-crt-runtime-l1-1-0.dll
 0001:0001c002       terminate                  000000018001d002 f   ucrt:api-ms-win-crt-runtime-l1-1-0.dll
 0001:0001c008       __vcrt_initialize          000000018001d008 f   MSVCRT:ucrt_stubs.obj
 0001:0001c008       __acrt_initialize          000000018001d008 f   MSVCRT:ucrt_stubs.obj
 0001:0001c008       __scrt_stub_for_acrt_initialize 000000018001d008 f   MSVCRT:ucrt_stubs.obj
 0001:0001c00c       __acrt_thread_attach       000000018001d00c f   MSVCRT:ucrt_stubs.obj
 0001:0001c00c       __vcrt_thread_attach       000000018001d00c f   MSVCRT:ucrt_stubs.obj
 0001:0001c00c       __scrt_stub_for_acrt_thread_attach 000000018001d00c f   MSVCRT:ucrt_stubs.obj
 0001:0001c010       __vcrt_thread_detach       000000018001d010 f   MSVCRT:ucrt_stubs.obj
 0001:0001c010       __acrt_thread_detach       000000018001d010 f   MSVCRT:ucrt_stubs.obj
 0001:0001c010       __scrt_stub_for_acrt_thread_detach 000000018001d010 f   MSVCRT:ucrt_stubs.obj
 0001:0001c014       __vcrt_uninitialize        000000018001d014 f   MSVCRT:ucrt_stubs.obj
 0001:0001c014       __scrt_stub_for_acrt_uninitialize 000000018001d014 f   MSVCRT:ucrt_stubs.obj
 0001:0001c014       __acrt_uninitialize        000000018001d014 f   MSVCRT:ucrt_stubs.obj
 0001:0001c018       __vcrt_uninitialize_critical 000000018001d018 f   MSVCRT:ucrt_stubs.obj
 0001:0001c018       __acrt_uninitialize_critical 000000018001d018 f   MSVCRT:ucrt_stubs.obj
 0001:0001c018       __scrt_stub_for_acrt_uninitialize_critical 000000018001d018 f   MSVCRT:ucrt_stubs.obj
 0001:0001c01c       _is_c_termination_complete 000000018001d01c f   MSVCRT:ucrt_stubs.obj
 0001:0001c01c       __scrt_stub_for_is_c_termination_complete 000000018001d01c f   MSVCRT:ucrt_stubs.obj
 0001:0001c030       _guard_dispatch_icall_nop  000000018001d030 f   MSVCRT:guard_dispatch.obj
 0001:0001c050       _guard_xfg_dispatch_icall_nop 000000018001d050 f   MSVCRT:guard_xfg_dispatch.obj
 0002:00000000       __imp_GetCurrentProcess    000000018001e000     kernel32:KERNEL32.dll
 0002:00000008       __imp_GetModuleHandleW     000000018001e008     kernel32:KERNEL32.dll
 0002:00000010       __imp_IsDebuggerPresent    000000018001e010     kernel32:KERNEL32.dll
 0002:00000018       __imp_InitializeSListHead  000000018001e018     kernel32:KERNEL32.dll
 0002:00000020       __imp_DisableThreadLibraryCalls 000000018001e020     kernel32:KERNEL32.dll
 0002:00000028       __imp_GetSystemTimeAsFileTime 000000018001e028     kernel32:KERNEL32.dll
 0002:00000030       __imp_GetCurrentThreadId   000000018001e030     kernel32:KERNEL32.dll
 0002:00000038       __imp_GetCurrentProcessId  000000018001e038     kernel32:KERNEL32.dll
 0002:00000040       __imp_QueryPerformanceCounter 000000018001e040     kernel32:KERNEL32.dll
 0002:00000048       __imp_IsProcessorFeaturePresent 000000018001e048     kernel32:KERNEL32.dll
 0002:00000050       __imp_TerminateProcess     000000018001e050     kernel32:KERNEL32.dll
 0002:00000058       __imp_GetStartupInfoW      000000018001e058     kernel32:KERNEL32.dll
 0002:00000060       __imp_SetUnhandledExceptionFilter 000000018001e060     kernel32:KERNEL32.dll
 0002:00000068       __imp_UnhandledExceptionFilter 000000018001e068     kernel32:KERNEL32.dll
 0002:00000070       __imp_RtlVirtualUnwind     000000018001e070     kernel32:KERNEL32.dll
 0002:00000078       __imp_RtlLookupFunctionEntry 000000018001e078     kernel32:KERNEL32.dll
 0002:00000080       __imp_RtlCaptureContext    000000018001e080     kernel32:KERNEL32.dll
 0002:00000088       \177KERNEL32_NULL_THUNK_DATA 000000018001e088     kernel32:KERNEL32.dll
[...]
 0002:000063d0       $unwind$__scrt_unhandled_exception_filter 00000001800243d0     MSVCRT:utility_desktop.obj
 0002:000063dc       $unwind$_RTC_Initialize    00000001800243dc     MSVCRT:initsect.obj
 0002:000063e8       $unwind$_RTC_Terminate     00000001800243e8     MSVCRT:initsect.obj
 0002:000063f4       $unwind$__castguard_check_failure_os_handled 00000001800243f4     MSVCRT:guard_support.obj
 0002:000063fc       $unwind$__castguard_slow_path_check_os_handled 00000001800243fc     MSVCRT:guard_support.obj
 0002:00006404       $unwind$__isa_available_init 0000000180024404     MSVCRT:cpu_disp.obj
 0002:00006418       $xdatasym                  0000000180024418     MSVCRT:guard_dispatch.obj
 0002:00006420       $xdatasym                  0000000180024420     MSVCRT:guard_xfg_dispatch.obj
 0002:00006580       .edata                     0000000180024580     rpi_camera_sfun.exp
 0002:000065a8       rgpv                       00000001800245a8     rpi_camera_sfun.exp
 0002:000065b0       rgszName                   00000001800245b0     rpi_camera_sfun.exp
 0002:000065b8       rgwOrd                     00000001800245b8     rpi_camera_sfun.exp
 0002:000065bc       szName                     00000001800245bc     rpi_camera_sfun.exp
 0002:000065d3       $N00001                    00000001800245d3     rpi_camera_sfun.exp
 0002:000065df       $N00002                    00000001800245df     rpi_camera_sfun.exp
 0002:00006d88       .idata$6                   0000000180024d88     tensorflowlite:tensorflowlite.dll
 0002:00006df6       .idata$6                   0000000180024df6     invokeinterpreter:invokeinterpreter.dll
 0002:00007234       .idata$6                   0000000180025234     sf_runtime:sf_runtime.dll
 0002:000073ce       .idata$6                   00000001800253ce     libmx:libmx.dll
 0002:00007462       .idata$6                   0000000180025462     libmex:libmex.dll
 0002:00007484       .idata$6                   0000000180025484     libut:libut.dll
 0002:000074ba       .idata$6                   00000001800254ba     libmwmathutil:libmwmathutil.dll
 0002:0000755c       .idata$6                   000000018002555c     libemlrt:libemlrt.dll
 0002:000076da       .idata$6                   00000001800256da     libcovrt:libcovrt.dll
 0002:00007b14       .idata$6                   0000000180025b14     msvcprt:MSVCP140.dll
 0002:00007cae       .idata$6                   0000000180025cae     kernel32:KERNEL32.dll
 0002:00007db0       .idata$6                   0000000180025db0     vcruntime:VCRUNTIME140.dll
 0002:00007dc2       .idata$6                   0000000180025dc2     vcruntime:VCRUNTIME140_1.dll
 0002:00007f78       .idata$6                   0000000180025f78     ucrt:api-ms-win-crt-string-l1-1-0.dll
 0002:00007f9a       .idata$6                   0000000180025f9a     ucrt:api-ms-win-crt-runtime-l1-1-0.dll
 0002:00007fbc       .idata$6                   0000000180025fbc     ucrt:api-ms-win-crt-stdio-l1-1-0.dll
 0002:00007fdc       .idata$6                   0000000180025fdc     ucrt:api-ms-win-crt-math-l1-1-0.dll
 0002:00007ffc       .idata$6                   0000000180025ffc     ucrt:api-ms-win-crt-heap-l1-1-0.dll
 0003:00000000       ?c9_emlrtRSI@@3UemlrtRSInfo@@A 0000000180027000     c9_rpi_camera.obj
 0003:00000018       ?c9_b_emlrtRSI@@3UemlrtRSInfo@@A 0000000180027018     c9_rpi_camera.obj
 0003:00000030       ?c9_e_emlrtRSI@@3UemlrtRSInfo@@A 0000000180027030     c9_rpi_camera.obj
 0003:00000048       ?c9_emlrtDCI@@3UemlrtDCInfo@@A 0000000180027048     c9_rpi_camera.obj
 0003:00000068       ?c9_emlrtBCI@@3UemlrtBCInfo@@A 0000000180027068     c9_rpi_camera.obj
 0003:00000098       ?c9_b_emlrtDCI@@3UemlrtDCInfo@@A 0000000180027098     c9_rpi_camera.obj
 0003:000000b8       ?c9_b_emlrtBCI@@3UemlrtBCInfo@@A 00000001800270b8     c9_rpi_camera.obj
 0003:000000e8       ?c9_c_emlrtDCI@@3UemlrtDCInfo@@A 00000001800270e8     c9_rpi_camera.obj
 0003:00000108       ?c9_c_emlrtBCI@@3UemlrtBCInfo@@A 0000000180027108     c9_rpi_camera.obj
 0003:00000138       ?c9_d_emlrtDCI@@3UemlrtDCInfo@@A 0000000180027138     c9_rpi_camera.obj
 0003:00000158       ?c9_d_emlrtBCI@@3UemlrtBCInfo@@A 0000000180027158     c9_rpi_camera.obj
 0003:00000188       ?c9_e_emlrtBCI@@3UemlrtBCInfo@@A 0000000180027188     c9_rpi_camera.obj
 0003:000001b8       ?c9_emlrtECI@@3UemlrtECInfo@@A 00000001800271b8     c9_rpi_camera.obj
 0003:000001d8       ?c9_f_emlrtBCI@@3UemlrtBCInfo@@A 00000001800271d8     c9_rpi_camera.obj
 0003:00000208       ?c9_e_emlrtDCI@@3UemlrtDCInfo@@A 0000000180027208     c9_rpi_camera.obj
 0003:00000228       ?c9_g_emlrtBCI@@3UemlrtBCInfo@@A 0000000180027228     c9_rpi_camera.obj
 0003:00000258       ?c9_cv1@?1??sf_gateway_c9_rpi_camera@@YAXPEAUSFc9_rpi_cameraInstanceStruct@@@Z@4PADA 0000000180027258     c9_rpi_camera.obj
 0003:00000270       ?c9_cv42@?1??sf_gateway_c9_rpi_camera@@YAXPEAUSFc9_rpi_cameraInstanceStruct@@@Z@4PADA 0000000180027270     c9_rpi_camera.obj
 0003:00000280       ?c9_cv12@?1??sf_gateway_c9_rpi_camera@@YAXPEAUSFc9_rpi_cameraInstanceStruct@@@Z@4PADA 0000000180027280     c9_rpi_camera.obj
 0003:00000290       ?c9_cv16@?1??sf_gateway_c9_rpi_camera@@YAXPEAUSFc9_rpi_cameraInstanceStruct@@@Z@4PADA 0000000180027290     c9_rpi_camera.obj
 0003:000002a0       ?c9_cv45@?1??sf_gateway_c9_rpi_camera@@YAXPEAUSFc9_rpi_cameraInstanceStruct@@@Z@4PADA 00000001800272a0     c9_rpi_camera.obj
 0003:000002b0       ?c9_cv13@?1??sf_gateway_c9_rpi_camera@@YAXPEAUSFc9_rpi_cameraInstanceStruct@@@Z@4PADA 00000001800272b0     c9_rpi_camera.obj
 0003:000002c0       ?c9_cv41@?1??sf_gateway_c9_rpi_camera@@YAXPEAUSFc9_rpi_cameraInstanceStruct@@@Z@4PADA 00000001800272c0     c9_rpi_camera.obj
 0003:000002d0       ?c9_cv66@?1??sf_gateway_c9_rpi_camera@@YAXPEAUSFc9_rpi_cameraInstanceStruct@@@Z@4PADA 00000001800272d0     c9_rpi_camera.obj
 0003:000002e0       ?c9_cv69@?1??sf_gateway_c9_rpi_camera@@YAXPEAUSFc9_rpi_cameraInstanceStruct@@@Z@4PADA 00000001800272e0     c9_rpi_camera.obj
 0003:000002f0       ?c9_cv84@?1??sf_gateway_c9_rpi_camera@@YAXPEAUSFc9_rpi_cameraInstanceStruct@@@Z@4PADA 00000001800272f0     c9_rpi_camera.obj
 0003:00000300       ?c9_cv14@?1??sf_gateway_c9_rpi_camera@@YAXPEAUSFc9_rpi_cameraInstanceStruct@@@Z@4PADA 0000000180027300     c9_rpi_camera.obj
 0003:00000310       ?c9_cv32@?1??sf_gateway_c9_rpi_camera@@YAXPEAUSFc9_rpi_cameraInstanceStruct@@@Z@4PADA 0000000180027310     c9_rpi_camera.obj
 0003:00000320       ?c9_cv39@?1??sf_gateway_c9_rpi_camera@@YAXPEAUSFc9_rpi_cameraInstanceStruct@@@Z@4PADA 0000000180027320     c9_rpi_camera.obj
 0003:00000330       ?c9_cv43@?1??sf_gateway_c9_rpi_camera@@YAXPEAUSFc9_rpi_cameraInstanceStruct@@@Z@4PADA 0000000180027330     c9_rpi_camera.obj
 0003:00000340       ?c9_cv48@?1??sf_gateway_c9_rpi_camera@@YAXPEAUSFc9_rpi_cameraInstanceStruct@@@Z@4PADA 0000000180027340     c9_rpi_camera.obj
 0003:00000350       ?c9_cv5@?1??sf_gateway_c9_rpi_camera@@YAXPEAUSFc9_rpi_cameraInstanceStruct@@@Z@4PADA 0000000180027350     c9_rpi_camera.obj
 0003:00000360       ?c9_cv79@?1??sf_gateway_c9_rpi_camera@@YAXPEAUSFc9_rpi_cameraInstanceStruct@@@Z@4PADA 0000000180027360     c9_rpi_camera.obj
 0003:00000370       ?c9_cv90@?1??sf_gateway_c9_rpi_camera@@YAXPEAUSFc9_rpi_cameraInstanceStruct@@@Z@4PADA 0000000180027370     c9_rpi_camera.obj
 0003:00000380       ?c9_cv91@?1??sf_gateway_c9_rpi_camera@@YAXPEAUSFc9_rpi_cameraInstanceStruct@@@Z@4PADA 0000000180027380     c9_rpi_camera.obj
 0003:00000390       ?c9_cv92@?1??sf_gateway_c9_rpi_camera@@YAXPEAUSFc9_rpi_cameraInstanceStruct@@@Z@4PADA 0000000180027390     c9_rpi_camera.obj
 0003:000003a0       ?c9_cv93@?1??sf_gateway_c9_rpi_camera@@YAXPEAUSFc9_rpi_cameraInstanceStruct@@@Z@4PADA 00000001800273a0     c9_rpi_camera.obj
 0003:000003b0       ?c9_cv15@?1??sf_gateway_c9_rpi_camera@@YAXPEAUSFc9_rpi_cameraInstanceStruct@@@Z@4PADA 00000001800273b0     c9_rpi_camera.obj
 0003:000003c0       ?c9_cv38@?1??sf_gateway_c9_rpi_camera@@YAXPEAUSFc9_rpi_cameraInstanceStruct@@@Z@4PADA 00000001800273c0     c9_rpi_camera.obj
 0003:000003d0       ?c9_cv44@?1??sf_gateway_c9_rpi_camera@@YAXPEAUSFc9_rpi_cameraInstanceStruct@@@Z@4PADA 00000001800273d0     c9_rpi_camera.obj
 0003:000003e0       ?c9_cv80@?1??sf_gateway_c9_rpi_camera@@YAXPEAUSFc9_rpi_cameraInstanceStruct@@@Z@4PADA 00000001800273e0     c9_rpi_camera.obj
 0003:000003f0       ?c9_cv24@?1??sf_gateway_c9_rpi_camera@@YAXPEAUSFc9_rpi_cameraInstanceStruct@@@Z@4PADA 00000001800273f0     c9_rpi_camera.obj
 0003:000003f8       ?c9_cv29@?1??sf_gateway_c9_rpi_camera@@YAXPEAUSFc9_rpi_cameraInstanceStruct@@@Z@4PADA 00000001800273f8     c9_rpi_camera.obj
 0003:00000400       ?c9_cv30@?1??sf_gateway_c9_rpi_camera@@YAXPEAUSFc9_rpi_cameraInstanceStruct@@@Z@4PADA 0000000180027400     c9_rpi_camera.obj
 0003:00000408       ?c9_cv35@?1??sf_gateway_c9_rpi_camera@@YAXPEAUSFc9_rpi_cameraInstanceStruct@@@Z@4PADA 0000000180027408     c9_rpi_camera.obj
 0003:00000410       ?c9_cv56@?1??sf_gateway_c9_rpi_camera@@YAXPEAUSFc9_rpi_cameraInstanceStruct@@@Z@4PADA 0000000180027410     c9_rpi_camera.obj
 0003:00000418       ?c9_cv58@?1??sf_gateway_c9_rpi_camera@@YAXPEAUSFc9_rpi_cameraInstanceStruct@@@Z@4PADA 0000000180027418     c9_rpi_camera.obj
 0003:00000420       ?c9_cv6@?1??sf_gateway_c9_rpi_camera@@YAXPEAUSFc9_rpi_cameraInstanceStruct@@@Z@4PADA 0000000180027420     c9_rpi_camera.obj
 0003:00000428       ?c9_cv78@?1??sf_gateway_c9_rpi_camera@@YAXPEAUSFc9_rpi_cameraInstanceStruct@@@Z@4PADA 0000000180027428     c9_rpi_camera.obj
 0003:00000430       ?c9_cv89@?1??sf_gateway_c9_rpi_camera@@YAXPEAUSFc9_rpi_cameraInstanceStruct@@@Z@4PADA 0000000180027430     c9_rpi_camera.obj
 0003:00000438       ?c9_cv27@?1??sf_gateway_c9_rpi_camera@@YAXPEAUSFc9_rpi_cameraInstanceStruct@@@Z@4PADA 0000000180027438     c9_rpi_camera.obj
 0003:00000440       ?c9_cv3@?1??sf_gateway_c9_rpi_camera@@YAXPEAUSFc9_rpi_cameraInstanceStruct@@@Z@4PADA 0000000180027440     c9_rpi_camera.obj
 0003:00000448       ?c9_cv33@?1??sf_gateway_c9_rpi_camera@@YAXPEAUSFc9_rpi_cameraInstanceStruct@@@Z@4PADA 0000000180027448     c9_rpi_camera.obj
 0003:00000450       ?c9_cv36@?1??sf_gateway_c9_rpi_camera@@YAXPEAUSFc9_rpi_cameraInstanceStruct@@@Z@4PADA 0000000180027450     c9_rpi_camera.obj
 0003:00000458       ?c9_cv60@?1??sf_gateway_c9_rpi_camera@@YAXPEAUSFc9_rpi_cameraInstanceStruct@@@Z@4PADA 0000000180027458     c9_rpi_camera.obj
 0003:00000460       ?c9_cv82@?1??sf_gateway_c9_rpi_camera@@YAXPEAUSFc9_rpi_cameraInstanceStruct@@@Z@4PADA 0000000180027460     c9_rpi_camera.obj
 0003:00000468       ?c9_cv85@?1??sf_gateway_c9_rpi_camera@@YAXPEAUSFc9_rpi_cameraInstanceStruct@@@Z@4PADA 0000000180027468     c9_rpi_camera.obj
 0003:00000470       ?c9_cv9@?1??sf_gateway_c9_rpi_camera@@YAXPEAUSFc9_rpi_cameraInstanceStruct@@@Z@4PADA 0000000180027470     c9_rpi_camera.obj
 0003:00000478       ?c9_cv2@?1??sf_gateway_c9_rpi_camera@@YAXPEAUSFc9_rpi_cameraInstanceStruct@@@Z@4PADA 0000000180027478     c9_rpi_camera.obj
 0003:00000480       ?c9_cv46@?1??sf_gateway_c9_rpi_camera@@YAXPEAUSFc9_rpi_cameraInstanceStruct@@@Z@4PADA 0000000180027480     c9_rpi_camera.obj
 0003:00000488       ?c9_cv54@?1??sf_gateway_c9_rpi_camera@@YAXPEAUSFc9_rpi_cameraInstanceStruct@@@Z@4PADA 0000000180027488     c9_rpi_camera.obj
 0003:00000490       ?c9_cv57@?1??sf_gateway_c9_rpi_camera@@YAXPEAUSFc9_rpi_cameraInstanceStruct@@@Z@4PADA 0000000180027490     c9_rpi_camera.obj
 0003:00000498       ?c9_cv59@?1??sf_gateway_c9_rpi_camera@@YAXPEAUSFc9_rpi_cameraInstanceStruct@@@Z@4PADA 0000000180027498     c9_rpi_camera.obj
 0003:000004a0       ?c9_cv68@?1??sf_gateway_c9_rpi_camera@@YAXPEAUSFc9_rpi_cameraInstanceStruct@@@Z@4PADA 00000001800274a0     c9_rpi_camera.obj
 0003:000004a8       ?c9_cv70@?1??sf_gateway_c9_rpi_camera@@YAXPEAUSFc9_rpi_cameraInstanceStruct@@@Z@4PADA 00000001800274a8     c9_rpi_camera.obj
 0003:000004b0       ?c9_cv72@?1??sf_gateway_c9_rpi_camera@@YAXPEAUSFc9_rpi_cameraInstanceStruct@@@Z@4PADA 00000001800274b0     c9_rpi_camera.obj
 0003:000004b8       ?c9_cv75@?1??sf_gateway_c9_rpi_camera@@YAXPEAUSFc9_rpi_cameraInstanceStruct@@@Z@4PADA 00000001800274b8     c9_rpi_camera.obj
 0003:000004c0       ?c9_cv77@?1??sf_gateway_c9_rpi_camera@@YAXPEAUSFc9_rpi_cameraInstanceStruct@@@Z@4PADA 00000001800274c0     c9_rpi_camera.obj
 0003:000004c8       ?c9_cv10@?1??sf_gateway_c9_rpi_camera@@YAXPEAUSFc9_rpi_cameraInstanceStruct@@@Z@4PADA 00000001800274c8     c9_rpi_camera.obj
 0003:000004d0       ?c9_cv17@?1??sf_gateway_c9_rpi_camera@@YAXPEAUSFc9_rpi_cameraInstanceStruct@@@Z@4PADA 00000001800274d0     c9_rpi_camera.obj
 0003:000004d8       ?c9_cv21@?1??sf_gateway_c9_rpi_camera@@YAXPEAUSFc9_rpi_cameraInstanceStruct@@@Z@4PADA 00000001800274d8     c9_rpi_camera.obj
 0003:000004e0       ?c9_cv22@?1??sf_gateway_c9_rpi_camera@@YAXPEAUSFc9_rpi_cameraInstanceStruct@@@Z@4PADA 00000001800274e0     c9_rpi_camera.obj
 0003:000004e8       ?c9_cv26@?1??sf_gateway_c9_rpi_camera@@YAXPEAUSFc9_rpi_cameraInstanceStruct@@@Z@4PADA 00000001800274e8     c9_rpi_camera.obj
 0003:000004f0       ?c9_cv47@?1??sf_gateway_c9_rpi_camera@@YAXPEAUSFc9_rpi_cameraInstanceStruct@@@Z@4PADA 00000001800274f0     c9_rpi_camera.obj
 0003:000004f8       ?c9_cv51@?1??sf_gateway_c9_rpi_camera@@YAXPEAUSFc9_rpi_cameraInstanceStruct@@@Z@4PADA 00000001800274f8     c9_rpi_camera.obj
 0003:00000500       ?c9_cv52@?1??sf_gateway_c9_rpi_camera@@YAXPEAUSFc9_rpi_cameraInstanceStruct@@@Z@4PADA 0000000180027500     c9_rpi_camera.obj
 0003:00000508       ?c9_cv55@?1??sf_gateway_c9_rpi_camera@@YAXPEAUSFc9_rpi_cameraInstanceStruct@@@Z@4PADA 0000000180027508     c9_rpi_camera.obj
 0003:00000510       ?c9_cv61@?1??sf_gateway_c9_rpi_camera@@YAXPEAUSFc9_rpi_cameraInstanceStruct@@@Z@4PADA 0000000180027510     c9_rpi_camera.obj
 0003:00000518       ?c9_cv62@?1??sf_gateway_c9_rpi_camera@@YAXPEAUSFc9_rpi_cameraInstanceStruct@@@Z@4PADA 0000000180027518     c9_rpi_camera.obj
 0003:00000520       ?c9_cv64@?1??sf_gateway_c9_rpi_camera@@YAXPEAUSFc9_rpi_cameraInstanceStruct@@@Z@4PADA 0000000180027520     c9_rpi_camera.obj
 0003:00000528       ?c9_cv65@?1??sf_gateway_c9_rpi_camera@@YAXPEAUSFc9_rpi_cameraInstanceStruct@@@Z@4PADA 0000000180027528     c9_rpi_camera.obj
 0003:00000530       ?c9_cv76@?1??sf_gateway_c9_rpi_camera@@YAXPEAUSFc9_rpi_cameraInstanceStruct@@@Z@4PADA 0000000180027530     c9_rpi_camera.obj
 0003:00000538       ?c9_cv8@?1??sf_gateway_c9_rpi_camera@@YAXPEAUSFc9_rpi_cameraInstanceStruct@@@Z@4PADA 0000000180027538     c9_rpi_camera.obj
 0003:00000540       ?c9_cv87@?1??sf_gateway_c9_rpi_camera@@YAXPEAUSFc9_rpi_cameraInstanceStruct@@@Z@4PADA 0000000180027540     c9_rpi_camera.obj
 0003:00000548       ?c9_cv11@?1??sf_gateway_c9_rpi_camera@@YAXPEAUSFc9_rpi_cameraInstanceStruct@@@Z@4PADA 0000000180027548     c9_rpi_camera.obj
 0003:0000054c       ?c9_cv18@?1??sf_gateway_c9_rpi_camera@@YAXPEAUSFc9_rpi_cameraInstanceStruct@@@Z@4PADA 000000018002754c     c9_rpi_camera.obj
 0003:00000550       ?c9_cv25@?1??sf_gateway_c9_rpi_camera@@YAXPEAUSFc9_rpi_cameraInstanceStruct@@@Z@4PADA 0000000180027550     c9_rpi_camera.obj
 0003:00000554       ?c9_cv31@?1??sf_gateway_c9_rpi_camera@@YAXPEAUSFc9_rpi_cameraInstanceStruct@@@Z@4PADA 0000000180027554     c9_rpi_camera.obj
 0003:00000558       ?c9_cv37@?1??sf_gateway_c9_rpi_camera@@YAXPEAUSFc9_rpi_cameraInstanceStruct@@@Z@4PADA 0000000180027558     c9_rpi_camera.obj
 0003:0000055c       ?c9_cv40@?1??sf_gateway_c9_rpi_camera@@YAXPEAUSFc9_rpi_cameraInstanceStruct@@@Z@4PADA 000000018002755c     c9_rpi_camera.obj
 0003:00000560       ?c9_cv50@?1??sf_gateway_c9_rpi_camera@@YAXPEAUSFc9_rpi_cameraInstanceStruct@@@Z@4PADA 0000000180027560     c9_rpi_camera.obj
 0003:00000564       ?c9_cv53@?1??sf_gateway_c9_rpi_camera@@YAXPEAUSFc9_rpi_cameraInstanceStruct@@@Z@4PADA 0000000180027564     c9_rpi_camera.obj
 0003:00000568       ?c9_cv63@?1??sf_gateway_c9_rpi_camera@@YAXPEAUSFc9_rpi_cameraInstanceStruct@@@Z@4PADA 0000000180027568     c9_rpi_camera.obj
 0003:0000056c       ?c9_cv71@?1??sf_gateway_c9_rpi_camera@@YAXPEAUSFc9_rpi_cameraInstanceStruct@@@Z@4PADA 000000018002756c     c9_rpi_camera.obj
 0003:00000570       ?c9_cv73@?1??sf_gateway_c9_rpi_camera@@YAXPEAUSFc9_rpi_cameraInstanceStruct@@@Z@4PADA 0000000180027570     c9_rpi_camera.obj
 0003:00000574       ?c9_cv81@?1??sf_gateway_c9_rpi_camera@@YAXPEAUSFc9_rpi_cameraInstanceStruct@@@Z@4PADA 0000000180027574     c9_rpi_camera.obj
 0003:00000578       ?c9_cv83@?1??sf_gateway_c9_rpi_camera@@YAXPEAUSFc9_rpi_cameraInstanceStruct@@@Z@4PADA 0000000180027578     c9_rpi_camera.obj
 0003:0000057c       ?c9_cv86@?1??sf_gateway_c9_rpi_camera@@YAXPEAUSFc9_rpi_cameraInstanceStruct@@@Z@4PADA 000000018002757c     c9_rpi_camera.obj
 0003:00000580       ?c9_cv88@?1??sf_gateway_c9_rpi_camera@@YAXPEAUSFc9_rpi_cameraInstanceStruct@@@Z@4PADA 0000000180027580     c9_rpi_camera.obj
 0003:00000584       ?c9_cv19@?1??sf_gateway_c9_rpi_camera@@YAXPEAUSFc9_rpi_cameraInstanceStruct@@@Z@4PADA 0000000180027584     c9_rpi_camera.obj
 0003:00000588       ?c9_cv20@?1??sf_gateway_c9_rpi_camera@@YAXPEAUSFc9_rpi_cameraInstanceStruct@@@Z@4PADA 0000000180027588     c9_rpi_camera.obj
 0003:0000058c       ?c9_cv23@?1??sf_gateway_c9_rpi_camera@@YAXPEAUSFc9_rpi_cameraInstanceStruct@@@Z@4PADA 000000018002758c     c9_rpi_camera.obj
 0003:00000590       ?c9_cv28@?1??sf_gateway_c9_rpi_camera@@YAXPEAUSFc9_rpi_cameraInstanceStruct@@@Z@4PADA 0000000180027590     c9_rpi_camera.obj
 0003:00000594       ?c9_cv34@?1??sf_gateway_c9_rpi_camera@@YAXPEAUSFc9_rpi_cameraInstanceStruct@@@Z@4PADA 0000000180027594     c9_rpi_camera.obj
 0003:00000598       ?c9_cv4@?1??sf_gateway_c9_rpi_camera@@YAXPEAUSFc9_rpi_cameraInstanceStruct@@@Z@4PADA 0000000180027598     c9_rpi_camera.obj
 0003:0000059c       ?c9_cv49@?1??sf_gateway_c9_rpi_camera@@YAXPEAUSFc9_rpi_cameraInstanceStruct@@@Z@4PADA 000000018002759c     c9_rpi_camera.obj
 0003:000005a0       ?c9_cv67@?1??sf_gateway_c9_rpi_camera@@YAXPEAUSFc9_rpi_cameraInstanceStruct@@@Z@4PADA 00000001800275a0     c9_rpi_camera.obj
 0003:000005a4       ?c9_cv7@?1??sf_gateway_c9_rpi_camera@@YAXPEAUSFc9_rpi_cameraInstanceStruct@@@Z@4PADA 00000001800275a4     c9_rpi_camera.obj
 0003:000005a8       ?c9_cv74@?1??sf_gateway_c9_rpi_camera@@YAXPEAUSFc9_rpi_cameraInstanceStruct@@@Z@4PADA 00000001800275a8     c9_rpi_camera.obj
 0003:000005ac       ?c9_bv1@?1??c9_o_emlrt_marshallIn@@YAXPEAUSFc9_rpi_cameraInstanceStruct@@PEBUmxArray_tag@@PEBUemlrtMsgIdentifier@@QEADQEAH@Z@4PAEA 00000001800275ac     c9_rpi_camera.obj
 0003:000005b8       ?_sfcnName@@3PADA          00000001800275b8     rpi_camera_sfun_registry.obj
 0003:00000750       ?sRtwOptimizationInfoStruct@@3PEAUmxArray_tag@@EA 0000000180027750     rpi_camera_sfun.obj
 0003:00000758       ?sOptimizationInfoFlags@@3USfOptimizationInfoFlagsTag@@A 0000000180027758     rpi_camera_sfun.obj
 0003:00000768       ?_sfTime_@@3NA             0000000180027768     c9_rpi_camera.obj
 0003:00000770       ?newstr@?1??sf_c9_rpi_camera_get_post_codegen_info@@YAPEBDXZ@4PADA 0000000180027770     c9_rpi_camera.obj
 0003:00000f40       ?sfGlobalMdlStartCallCounts@@3IA 0000000180027f40     rpi_camera_sfun_registry.obj
 0003:00000f44       ?warningGuard@?1??ssGetRootSS@@9@4_NA 0000000180027f44     rpi_camera_sfun_registry.obj
 0003:00000f45       ?warningGuard@?1??ssGetParentSS@@9@4_NA 0000000180027f45     rpi_camera_sfun_registry.obj
 0003:00000f50       GS_ExceptionRecord         0000000180027f50     MSVCRT:gs_report.obj
 0003:00000ff0       GS_ContextRecord           0000000180027ff0     MSVCRT:gs_report.obj
 0003:000014c0       ?__proc_attached@@3HA      00000001800284c0     MSVCRT:dll_dllmain.obj
 0003:000014f8       ?is_initialized_as_dll@@3_NA 00000001800284f8     MSVCRT:utility.obj
 0003:000014f9       ?module_local_atexit_table_initialized@@3_NA 00000001800284f9     MSVCRT:utility.obj
 0003:00001500       ?module_local_atexit_table@@3U_onexit_table_t@@A 0000000180028500     MSVCRT:utility.obj
 0003:00001518       ?module_local_at_quick_exit_table@@3U_onexit_table_t@@A 0000000180028518     MSVCRT:utility.obj
